Archive member included to satisfy reference by file (symbol)

D:/devkitPro/libctru/lib\libcitro2d.a(base.o)
                              main.o (C2D_Init)
D:/devkitPro/libctru/lib\libcitro2d.a(font.o)
                              main.o (C2D_FontFree)
D:/devkitPro/libctru/lib\libcitro2d.a(spritesheet.o)
                              main.o (C2D_SpriteSheetLoad)
D:/devkitPro/libctru/lib\libcitro2d.a(text.o)
                              main.o (C2D_TextBufNew)
D:/devkitPro/libctru/lib\libcitro2d.a(render2d_shbin.o)
                              D:/devkitPro/libctru/lib\libcitro2d.a(base.o) (render2d_shbin)
D:/devkitPro/libctru/lib\libcitro3d.a(attribs.o)
                              D:/devkitPro/libctru/lib\libcitro2d.a(base.o) (AttrInfo_Init)
D:/devkitPro/libctru/lib\libcitro3d.a(base.o)
                              D:/devkitPro/libctru/lib\libcitro3d.a(attribs.o) (__C3D_Context)
D:/devkitPro/libctru/lib\libcitro3d.a(buffers.o)
                              D:/devkitPro/libctru/lib\libcitro2d.a(base.o) (BufInfo_Init)
D:/devkitPro/libctru/lib\libcitro3d.a(drawElements.o)
                              D:/devkitPro/libctru/lib\libcitro2d.a(base.o) (C3D_DrawElements)
D:/devkitPro/libctru/lib\libcitro3d.a(effect.o)
                              D:/devkitPro/libctru/lib\libcitro3d.a(base.o) (C3D_DepthMap)
D:/devkitPro/libctru/lib\libcitro3d.a(framebuffer.o)
                              D:/devkitPro/libctru/lib\libcitro3d.a(base.o) (C3Di_FrameBufBind)
D:/devkitPro/libctru/lib\libcitro3d.a(immediate.o)
                              D:/devkitPro/libctru/lib\libcitro3d.a(base.o) (C3D_ImmSendAttrib)
D:/devkitPro/libctru/lib\libcitro3d.a(proctex.o)
                              D:/devkitPro/libctru/lib\libcitro2d.a(base.o) (C3D_ProcTexInit)
D:/devkitPro/libctru/lib\libcitro3d.a(renderqueue.o)
                              D:/devkitPro/libctru/lib\libcitro3d.a(base.o) (C3Di_RenderQueueEnableVBlank)
D:/devkitPro/libctru/lib\libcitro3d.a(tex3ds.o)
                              D:/devkitPro/libctru/lib\libcitro2d.a(spritesheet.o) (Tex3DS_TextureImport)
D:/devkitPro/libctru/lib\libcitro3d.a(texenv.o)
                              D:/devkitPro/libctru/lib\libcitro2d.a(base.o) (C3D_GetTexEnv)
D:/devkitPro/libctru/lib\libcitro3d.a(texture.o)
                              D:/devkitPro/libctru/lib\libcitro3d.a(tex3ds.o) (C3D_TexInitWithParams)
D:/devkitPro/libctru/lib\libcitro3d.a(uniforms.o)
                              D:/devkitPro/libctru/lib\libcitro3d.a(base.o) (C3D_UpdateUniforms)
D:/devkitPro/libctru/lib\libcitro3d.a(mtx_multiply.o)
                              D:/devkitPro/libctru/lib\libcitro2d.a(base.o) (Mtx_Multiply)
D:/devkitPro/libctru/lib\libcitro3d.a(mtx_ortho.o)
                              D:/devkitPro/libctru/lib\libcitro2d.a(base.o) (Mtx_Ortho)
D:/devkitPro/libctru/lib\libcitro3d.a(mtx_orthotilt.o)
                              D:/devkitPro/libctru/lib\libcitro2d.a(base.o) (Mtx_OrthoTilt)
D:/devkitPro/libctru/lib\libcitro3d.a(mtx_rotatez.o)
                              D:/devkitPro/libctru/lib\libcitro2d.a(base.o) (Mtx_RotateZ)
D:/devkitPro/libctru/lib\libcitro3d.a(mtx_scale.o)
                              D:/devkitPro/libctru/lib\libcitro2d.a(base.o) (Mtx_Scale)
D:/devkitPro/libctru/lib\libcitro3d.a(mtx_translate.o)
                              D:/devkitPro/libctru/lib\libcitro2d.a(base.o) (Mtx_Translate)
D:/devkitPro/libctru/lib\libctru.a(linear.o)
                              D:/devkitPro/libctru/lib\libcitro2d.a(base.o) (linearAlloc)
D:/devkitPro/libctru/lib\libctru.a(mem_pool.o)
                              D:/devkitPro/libctru/lib\libctru.a(linear.o) (MemPool::Allocate(MemChunk&, unsigned long, int))
D:/devkitPro/libctru/lib\libctru.a(vram.o)
                              D:/devkitPro/libctru/lib\libcitro3d.a(renderqueue.o) (vramAlloc)
D:/devkitPro/libctru/lib\libctru.a(font.o)
                              D:/devkitPro/libctru/lib\libcitro2d.a(font.o) (fontEnsureMapped)
D:/devkitPro/libctru/lib\libctru.a(gfx.o)
                              D:/devkitPro/libctru/lib\libcitro2d.a(base.o) (gfxIsWide)
D:/devkitPro/libctru/lib\libctru.a(os.o)
                              D:/devkitPro/libctru/lib\libcitro3d.a(buffers.o) (osConvertVirtToPhys)
D:/devkitPro/libctru/lib\libctru.a(romfs_dev.o)
                              main.o (romfsMountSelf)
D:/devkitPro/libctru/lib\libctru.a(gpu.o)
                              D:/devkitPro/libctru/lib\libcitro3d.a(renderqueue.o) (gpuCmdBuf)
D:/devkitPro/libctru/lib\libctru.a(gx.o)
                              D:/devkitPro/libctru/lib\libcitro3d.a(renderqueue.o) (GX_BindQueue)
D:/devkitPro/libctru/lib\libctru.a(gxqueue.o)
                              D:/devkitPro/libctru/lib\libcitro3d.a(renderqueue.o) (gxCmdQueueClear)
D:/devkitPro/libctru/lib\libctru.a(shaderProgram.o)
                              D:/devkitPro/libctru/lib\libcitro2d.a(base.o) (shaderInstanceGetUniformLocation)
[...]
Memory Configuration

Name             Origin             Length             Attributes
*default*        0x00000000         0xffffffff

Linker script and memory map

                0x00000000                        __sync_synchronize = __sync_synchronize_dmb
                0x00100000                        PROVIDE (__start__ = 0x100000)
                0x00100000                        . = __start__

.text           0x00100000    0x2a8a0
 *(.crt0)
 .crt0          0x00100000       0x94 D:/devkitPro/devkitARM/bin/../lib/gcc/arm-none-eabi/16.1.0/../../../../arm-none-eabi/lib/armv6k/fpu/3dsx_crt0.o
                0x00100000                _start
                0x00100008                __service_ptr
                0x0010000c                __apt_appid
                0x00100010                __heap_size
                0x00100014                __linear_heap_size
                0x00100018                __system_arglist
                0x0010001c                __system_runflags
 *(.init)
 .init          0x00100094        0xc D:/devkitPro/devkitARM/bin/../lib/gcc/arm-none-eabi/16.1.0/armv6k/fpu/crti.o
                0x00100094                _init
 .init          0x001000a0        0xc D:/devkitPro/devkitARM/bin/../lib/gcc/arm-none-eabi/16.1.0/armv6k/fpu/crtn.o
                0x001000ac                        . = ALIGN (0x4)
 *(.text)
 .text          0x001000ac      0x20c D:/devkitPro/devkitARM/bin/../lib/gcc/arm-none-eabi/16.1.0/armv6k/fpu\libgcc.a(_udivsi3.o)
                0x001000ac                __aeabi_uidiv
                0x001000ac                __udivsi3
                0x00100298                __aeabi_uidivmod
 .text          0x001002b8      0x240 D:/devkitPro/devkitARM/bin/../lib/gcc/arm-none-eabi/16.1.0/armv6k/fpu\libgcc.a(_divsi3.o)
                0x001002b8                __divsi3
                0x001002b8                __aeabi_idiv
                0x001004d8                __aeabi_idivmod
 .text          0x001004f8        0x4 D:/devkitPro/devkitARM/bin/../lib/gcc/arm-none-eabi/16.1.0/armv6k/fpu\libgcc.a(_dvmd_tls.o)
                0x001004f8                __aeabi_idiv0
                0x001004f8                __aeabi_ldiv0
 .text          0x001004fc      0x3c0 D:/devkitPro/devkitARM/bin/../lib/gcc/arm-none-eabi/16.1.0/armv6k/fpu\libgcc.a(_arm_addsubdf3.o)
                0x001004fc                __aeabi_drsub
                0x00100504                __aeabi_dsub
                0x00100504                __subdf3
                0x00100508                __aeabi_dadd
                0x00100508                __adddf3
                0x001007b4                __floatunsidf
                0x001007b4                __aeabi_ui2d
                0x001007d8                __floatsidf
                0x001007d8                __aeabi_i2d
                0x00100800                __aeabi_f2d
                0x00100800                __extendsfdf2
                0x00100848                __floatundidf
                0x00100848                __aeabi_ul2d
                0x0010085c                __floatdidf
                0x0010085c                __aeabi_l2d
 .text          0x001008bc       0xd4 D:/devkitPro/devkitARM/bin/../lib/gcc/arm-none-eabi/16.1.0/armv6k/fpu\libgcc.a(_aeabi_ldivmod.o)
                0x001008bc                __aeabi_ldivmod
 .text          0x00100990       0x3c D:/devkitPro/devkitARM/bin/../lib/gcc/arm-none-eabi/16.1.0/armv6k/fpu\libgcc.a(_aeabi_uldivmod.o)
                0x00100990                __aeabi_uldivmod
 *fill*         0x001009cc       0x14 
 .text          0x001009e0      0x390 D:/devkitPro/devkitARM/bin/../lib/gcc/arm-none-eabi/16.1.0/../../../../arm-none-eabi/lib/armv6k/fpu\libc.a(libc_a-strcmp.o)
                0x001009e8                strcmp
 *(.text.*)
 .text.__do_global_dtors_aux
                0x00100d70       0x50 D:/devkitPro/devkitARM/bin/../lib/gcc/arm-none-eabi/16.1.0/armv6k/fpu/crtbegin.o
 .text.frame_dummy
                0x00100dc0       0x2c D:/devkitPro/devkitARM/bin/../lib/gcc/arm-none-eabi/16.1.0/armv6k/fpu/crtbegin.o
 .text._Z9loadImagePKcS0_
                0x00100dec       0xa8 main.o
                0x00100dec                loadImage(char const*, char const*)
 .text._Z10parseColorPKc
                0x00100e94       0x54 main.o
                0x00100e94                parseColor(char const*)
 .text._Z15displayDialoguePKcS0_
                0x00100ee8       0xd8 main.o
                0x00100ee8                displayDialogue(char const*, char const*)
 .text._Z11executeLinePc
                0x00100fc0      0x400 main.o
                0x00100fc0                executeLine(char*)
 .text._Z14continueScriptv
                0x001013c0       0x54 main.o
                0x001013c0                continueScript()
 .text.startup.main
                0x00101414      0x384 main.o
                0x00101414                main
 .text.C2Di_FrameEndHook
                0x00101798       0x44 D:/devkitPro/libctru/lib\libcitro2d.a(base.o)
 .text.C2D_Init
                0x001017dc      0x368 D:/devkitPro/libctru/lib\libcitro2d.a(base.o)
                0x001017dc                C2D_Init
 .text.C2D_Fini
                0x00101b44       0x4c D:/devkitPro/libctru/lib\libcitro2d.a(base.o)
                0x00101b44                C2D_Fini
 .text.C2D_Prepare
                0x00101b90       0xbc D:/devkitPro/libctru/lib\libcitro2d.a(base.o)
                0x00101b90                C2D_Prepare
 .text.C2D_Flush
                0x00101c4c       0x48 D:/devkitPro/libctru/lib\libcitro2d.a(base.o)
                0x00101c4c                C2D_Flush
 .text.C2D_SceneSize
                0x00101c94       0xfc D:/devkitPro/libctru/lib\libcitro2d.a(base.o)
                0x00101c94                C2D_SceneSize
 .text.C2D_CreateScreenTarget
                0x00101d90       0x60 D:/devkitPro/libctru/lib\libcitro2d.a(base.o)
                0x00101d90                C2D_CreateScreenTarget
 .text.C2D_TargetClear
                0x00101df0       0x60 D:/devkitPro/libctru/lib\libcitro2d.a(base.o)
                0x00101df0                C2D_TargetClear
 .text.C2Di_CalcQuad
                0x00101e50      0x14c D:/devkitPro/libctru/lib\libcitro2d.a(base.o)
                0x00101e50                C2Di_CalcQuad
 .text.C2Di_AppendQuad
                0x00101f9c       0x54 D:/devkitPro/libctru/lib\libcitro2d.a(base.o)
                0x00101f9c                C2Di_AppendQuad
 .text.C2Di_AppendVtx
                0x00101ff0       0x40 D:/devkitPro/libctru/lib\libcitro2d.a(base.o)
                0x00101ff0                C2Di_AppendVtx
 .text.C2Di_Update
                0x00102030      0x738 D:/devkitPro/libctru/lib\libcitro2d.a(base.o)
                0x00102030                C2Di_Update
 .text.C2D_DrawImage
                0x00102768      0x2e8 D:/devkitPro/libctru/lib\libcitro2d.a(base.o)
                0x00102768                C2D_DrawImage
 .text.C2D_FontFree
                0x00102a50       0x40 D:/devkitPro/libctru/lib\libcitro2d.a(font.o)
                0x00102a50                C2D_FontFree
 .text.C2Di_PostLoadFont
                0x00102a90       0xf8 D:/devkitPro/libctru/lib\libcitro2d.a(font.o)
 .text.C2D_FontLoadFromHandle
                0x00102b88       0xb8 D:/devkitPro/libctru/lib\libcitro2d.a(font.o)
                0x00102b88                C2D_FontLoadFromHandle
 .text.C2D_FontLoad
                0x00102c40       0x48 D:/devkitPro/libctru/lib\libcitro2d.a(font.o)
                0x00102c40                C2D_FontLoad
 .text.C2D_FontGlyphIndexFromCodePoint
                0x00102c88       0x50 D:/devkitPro/libctru/lib\libcitro2d.a(font.o)
                0x00102c88                C2D_FontGlyphIndexFromCodePoint
 .text.C2D_FontCalcGlyphPos
                0x00102cd8       0x74 D:/devkitPro/libctru/lib\libcitro2d.a(font.o)
                0x00102cd8                C2D_FontCalcGlyphPos
 .text.C2D_SpriteSheetLoadFromHandle
                0x00102d4c       0x68 D:/devkitPro/libctru/lib\libcitro2d.a(spritesheet.o)
                0x00102d4c                C2D_SpriteSheetLoadFromHandle
 .text.C2D_SpriteSheetLoad
                0x00102db4       0x48 D:/devkitPro/libctru/lib\libcitro2d.a(spritesheet.o)
                0x00102db4                C2D_SpriteSheetLoad
 .text.C2D_SpriteSheetFree
                0x00102dfc       0x28 D:/devkitPro/libctru/lib\libcitro2d.a(spritesheet.o)
                0x00102dfc                C2D_SpriteSheetFree
 .text.C2D_SpriteSheetGetImage
                0x00102e24       0x28 D:/devkitPro/libctru/lib\libcitro2d.a(spritesheet.o)
                0x00102e24                C2D_SpriteSheetGetImage
 .text.C2Di_GlyphComp
                0x00102e4c       0x18 D:/devkitPro/libctru/lib\libcitro2d.a(text.o)
 .text.C2Di_CalcLineWidths
                0x00102e64      0x180 D:/devkitPro/libctru/lib\libcitro2d.a(text.o)
 .text.C2D_TextBufNew
                0x00102fe4      0x1d0 D:/devkitPro/libctru/lib\libcitro2d.a(text.o)
                0x00102fe4                C2D_TextBufNew
 .text.C2D_TextBufDelete
                0x001031b4        0x4 D:/devkitPro/libctru/lib\libcitro2d.a(text.o)
                0x001031b4                C2D_TextBufDelete
 .text.C2D_TextBufClear
                0x001031b8        0xc D:/devkitPro/libctru/lib\libcitro2d.a(text.o)
                0x001031b8                C2D_TextBufClear
 .text.C2D_TextFontParseLine
                0x001031c4      0x1c4 D:/devkitPro/libctru/lib\libcitro2d.a(text.o)
                0x001031c4                C2D_TextFontParseLine
 .text.C2D_TextFontParse
                0x00103388       0xa4 D:/devkitPro/libctru/lib\libcitro2d.a(text.o)
                0x00103388                C2D_TextFontParse
 .text.C2D_TextOptimize
                0x0010342c       0x30 D:/devkitPro/libctru/lib\libcitro2d.a(text.o)
                0x0010342c                C2D_TextOptimize
 .text.C2D_DrawText
                0x0010345c      0xfdc D:/devkitPro/libctru/lib\libcitro2d.a(text.o)
                0x0010345c                C2D_DrawText
 .text.AttrInfo_Init
                0x00104438       0x28 D:/devkitPro/libctru/lib\libcitro3d.a(attribs.o)
                0x00104438                AttrInfo_Init
 .text.AttrInfo_AddLoader
                0x00104460       0x94 D:/devkitPro/libctru/lib\libcitro3d.a(attribs.o)
                0x00104460                AttrInfo_AddLoader
 .text.C3D_SetAttrInfo
                0x001044f4       0x54 D:/devkitPro/libctru/lib\libcitro3d.a(attribs.o)
                0x001044f4                C3D_SetAttrInfo
 .text.C3Di_AttrInfoBind
                0x00104548       0x80 D:/devkitPro/libctru/lib\libcitro3d.a(attribs.o)
                0x00104548                C3Di_AttrInfoBind
 .text.C3Di_LightEnvUpdate
                0x001045c8        0x4 D:/devkitPro/libctru/lib\libcitro3d.a(base.o)
                0x001045c8                C3Di_LightEnvUpdate
 .text.C3Di_LightEnvDirty
                0x001045cc        0x4 D:/devkitPro/libctru/lib\libcitro3d.a(base.o)
                0x001045cc                C3Di_LightEnvDirty
 .text.C3Di_AptEventHook
                0x001045d0       0xb4 D:/devkitPro/libctru/lib\libcitro3d.a(base.o)
 .text.C3Di_GasUpdate
                0x00104684        0x4 D:/devkitPro/libctru/lib\libcitro3d.a(base.o)
                0x00104684                C3Di_GasUpdate
 .text.C3D_Init
                0x00104688      0x1d0 D:/devkitPro/libctru/lib\libcitro3d.a(base.o)
                0x00104688                C3D_Init
 .text.C3D_SetViewport
                0x00104858       0x98 D:/devkitPro/libctru/lib\libcitro3d.a(base.o)
                0x00104858                C3D_SetViewport
 .text.C3Di_UpdateContext
                0x001048f0      0x4e8 D:/devkitPro/libctru/lib\libcitro3d.a(base.o)
                0x001048f0                C3Di_UpdateContext
 .text.C3Di_SplitFrame
                0x00104dd8       0xe0 D:/devkitPro/libctru/lib\libcitro3d.a(base.o)
                0x00104dd8                C3Di_SplitFrame
 .text.C3D_Fini
                0x00104eb8       0x44 D:/devkitPro/libctru/lib\libcitro3d.a(base.o)
                0x00104eb8                C3D_Fini
 .text.C3D_BindProgram
                0x00104efc      0x194 D:/devkitPro/libctru/lib\libcitro3d.a(base.o)
                0x00104efc                C3D_BindProgram
 .text.BufInfo_Init
                0x00105090       0x24 D:/devkitPro/libctru/lib\libcitro3d.a(buffers.o)
                0x00105090                BufInfo_Init
 .text.BufInfo_Add
                0x001050b4       0x80 D:/devkitPro/libctru/lib\libcitro3d.a(buffers.o)
                0x001050b4                BufInfo_Add
 .text.C3D_SetBufInfo
                0x00105134       0x3c D:/devkitPro/libctru/lib\libcitro3d.a(buffers.o)
                0x00105134                C3D_SetBufInfo
 .text.C3Di_BufInfoBind
                0x00105170       0x48 D:/devkitPro/libctru/lib\libcitro3d.a(buffers.o)
                0x00105170                C3Di_BufInfoBind
 .text.C3D_DrawElements
                0x001051b8      0x21c D:/devkitPro/libctru/lib\libcitro3d.a(drawElements.o)
                0x001051b8                C3D_DrawElements
 .text.C3D_DepthMap
                0x001053d4       0x40 D:/devkitPro/libctru/lib\libcitro3d.a(effect.o)
                0x001053d4                C3D_DepthMap
 .text.C3D_CullFace
                0x00105414       0x1c D:/devkitPro/libctru/lib\libcitro3d.a(effect.o)
                0x00105414                C3D_CullFace
 .text.C3D_StencilTest
                0x00105430       0x40 D:/devkitPro/libctru/lib\libcitro3d.a(effect.o)
                0x00105430                C3D_StencilTest
 .text.C3D_StencilOp
                0x00105470       0x24 D:/devkitPro/libctru/lib\libcitro3d.a(effect.o)
                0x00105470                C3D_StencilOp
 .text.C3D_BlendingColor
                0x00105494       0x1c D:/devkitPro/libctru/lib\libcitro3d.a(effect.o)
                0x00105494                C3D_BlendingColor
 .text.C3D_EarlyDepthTest
                0x001054b0       0x24 D:/devkitPro/libctru/lib\libcitro3d.a(effect.o)
                0x001054b0                C3D_EarlyDepthTest
 .text.C3D_DepthTest
                0x001054d4       0x2c D:/devkitPro/libctru/lib\libcitro3d.a(effect.o)
                0x001054d4                C3D_DepthTest
 .text.C3D_AlphaTest
                0x00105500       0x2c D:/devkitPro/libctru/lib\libcitro3d.a(effect.o)
                0x00105500                C3D_AlphaTest
 .text.C3D_AlphaBlend
                0x0010552c       0x50 D:/devkitPro/libctru/lib\libcitro3d.a(effect.o)
                0x0010552c                C3D_AlphaBlend
 .text.C3D_FragOpMode
                0x0010557c       0x30 D:/devkitPro/libctru/lib\libcitro3d.a(effect.o)
                0x0010557c                C3D_FragOpMode
 .text.C3D_FragOpShadow
                0x001055ac       0x44 D:/devkitPro/libctru/lib\libcitro3d.a(effect.o)
                0x001055ac                C3D_FragOpShadow
 .text.C3Di_EffectBind
                0x001055f0      0x1ac D:/devkitPro/libctru/lib\libcitro3d.a(effect.o)
                0x001055f0                C3Di_EffectBind
 .text.C3D_CalcColorBufSize
                0x0010579c       0x1c D:/devkitPro/libctru/lib\libcitro3d.a(framebuffer.o)
                0x0010579c                C3D_CalcColorBufSize
 .text.C3D_CalcDepthBufSize
                0x001057b8       0x1c D:/devkitPro/libctru/lib\libcitro3d.a(framebuffer.o)
                0x001057b8                C3D_CalcDepthBufSize
 .text.C3D_SetFrameBuf
                0x001057d4       0x44 D:/devkitPro/libctru/lib\libcitro3d.a(framebuffer.o)
                0x001057d4                C3D_SetFrameBuf
 .text.C3Di_FrameBufBind
                0x00105818      0x16c D:/devkitPro/libctru/lib\libcitro3d.a(framebuffer.o)
                0x00105818                C3Di_FrameBufBind
 .text.C3D_FrameBufClear
                0x00105984       0xc8 D:/devkitPro/libctru/lib\libcitro3d.a(framebuffer.o)
                0x00105984                C3D_FrameBufClear
 .text.C3D_FrameBufTransfer
                0x00105a4c       0x44 D:/devkitPro/libctru/lib\libcitro3d.a(framebuffer.o)
                0x00105a4c                C3D_FrameBufTransfer
 .text.C3D_ImmSendAttrib
                0x00105a90       0xa8 D:/devkitPro/libctru/lib\libcitro3d.a(immediate.o)
                0x00105a90                C3D_ImmSendAttrib
 .text.C3D_ProcTexInit
                0x00105b38       0x70 D:/devkitPro/libctru/lib\libcitro3d.a(proctex.o)
                0x00105b38                C3D_ProcTexInit
 .text.C3D_ProcTexBind
                0x00105ba8       0x54 D:/devkitPro/libctru/lib\libcitro3d.a(proctex.o)
                0x00105ba8                C3D_ProcTexBind
 .text.C3D_ProcTexLutBind
                0x00105bfc       0x5c D:/devkitPro/libctru/lib\libcitro3d.a(proctex.o)
                0x00105bfc                C3D_ProcTexLutBind
 .text.ProcTexLut_FromArray
                0x00105c58       0xa4 D:/devkitPro/libctru/lib\libcitro3d.a(proctex.o)
                0x00105c58                ProcTexLut_FromArray
 .text.C3Di_ProcTexUpdate
                0x00105cfc      0x178 D:/devkitPro/libctru/lib\libcitro3d.a(proctex.o)
                0x00105cfc                C3Di_ProcTexUpdate
 .text.C3Di_ProcTexDirty
                0x00105e74       0x68 D:/devkitPro/libctru/lib\libcitro3d.a(proctex.o)
                0x00105e74                C3Di_ProcTexDirty
 .text.onVBlank0
                0x00105edc       0x4c D:/devkitPro/libctru/lib\libcitro3d.a(renderqueue.o)
 .text.onVBlank1
                0x00105f28       0x4c D:/devkitPro/libctru/lib\libcitro3d.a(renderqueue.o)
 .text.C3Di_RenderTargetDestroy
                0x00105f74       0x80 D:/devkitPro/libctru/lib\libcitro3d.a(renderqueue.o)
 .text.onQueueFinish
                0x00105ff4       0xf4 D:/devkitPro/libctru/lib\libcitro3d.a(renderqueue.o)
 .text.C3Di_RenderQueueEnableVBlank
                0x001060e8       0x38 D:/devkitPro/libctru/lib\libcitro3d.a(renderqueue.o)
                0x001060e8                C3Di_RenderQueueEnableVBlank
 .text.C3Di_RenderQueueDisableVBlank
                0x00106120       0x30 D:/devkitPro/libctru/lib\libcitro3d.a(renderqueue.o)
                0x00106120                C3Di_RenderQueueDisableVBlank
 .text.C3Di_RenderQueueInit
                0x00106150       0x60 D:/devkitPro/libctru/lib\libcitro3d.a(renderqueue.o)
                0x00106150                C3Di_RenderQueueInit
 .text.C3Di_RenderQueueExit
                0x001061b0       0xb4 D:/devkitPro/libctru/lib\libcitro3d.a(renderqueue.o)
                0x001061b0                C3Di_RenderQueueExit
 .text.C3Di_RenderQueueWaitDone
                0x00106264       0x34 D:/devkitPro/libctru/lib\libcitro3d.a(renderqueue.o)
                0x00106264                C3Di_RenderQueueWaitDone
 .text.C3D_FrameBegin
                0x00106298       0xe8 D:/devkitPro/libctru/lib\libcitro3d.a(renderqueue.o)
                0x00106298                C3D_FrameBegin
 .text.C3D_FrameDrawOn
                0x00106380       0x48 D:/devkitPro/libctru/lib\libcitro3d.a(renderqueue.o)
                0x00106380                C3D_FrameDrawOn
 .text.C3D_FrameSplit
                0x001063c8       0x58 D:/devkitPro/libctru/lib\libcitro3d.a(renderqueue.o)
                0x001063c8                C3D_FrameSplit
 .text.C3D_FrameEnd
                0x00106420      0x1d0 D:/devkitPro/libctru/lib\libcitro3d.a(renderqueue.o)
                0x00106420                C3D_FrameEnd
 .text.C3D_FrameEndHook
                0x001065f0       0x1c D:/devkitPro/libctru/lib\libcitro3d.a(renderqueue.o)
                0x001065f0                C3D_FrameEndHook
 .text.C3D_RenderTargetCreate
                0x0010660c      0x170 D:/devkitPro/libctru/lib\libcitro3d.a(renderqueue.o)
                0x0010660c                C3D_RenderTargetCreate
 .text.C3D_RenderTargetSetOutput
                0x0010677c       0xa8 D:/devkitPro/libctru/lib\libcitro3d.a(renderqueue.o)
                0x0010677c                C3D_RenderTargetSetOutput
 .text.C3D_SyncTextureCopy
                0x00106824       0xfc D:/devkitPro/libctru/lib\libcitro3d.a(renderqueue.o)
                0x00106824                C3D_SyncTextureCopy
 .text.Tex3DSi_ImportCommon
                0x00106920      0x3d8 D:/devkitPro/libctru/lib\libcitro3d.a(tex3ds.o)
 .text.Tex3DS_TextureImportStdio
                0x00106cf8       0x38 D:/devkitPro/libctru/lib\libcitro3d.a(tex3ds.o)
                0x00106cf8                Tex3DS_TextureImportStdio
 .text.Tex3DS_GetSubTexture
                0x00106d30       0x1c D:/devkitPro/libctru/lib\libcitro3d.a(tex3ds.o)
                0x00106d30                Tex3DS_GetSubTexture
 .text.Tex3DS_TextureFree
                0x00106d4c        0x4 D:/devkitPro/libctru/lib\libcitro3d.a(tex3ds.o)
                0x00106d4c                Tex3DS_TextureFree
 .text.C3D_GetTexEnv
                0x00106d50       0x34 D:/devkitPro/libctru/lib\libcitro3d.a(texenv.o)
                0x00106d50                C3D_GetTexEnv
 .text.C3Di_TexEnvBind
                0x00106d84       0x24 D:/devkitPro/libctru/lib\libcitro3d.a(texenv.o)
                0x00106d84                C3Di_TexEnvBind
 .text.C3D_TexInitWithParams
                0x00106da8      0x290 D:/devkitPro/libctru/lib\libcitro3d.a(texture.o)
                0x00106da8                C3D_TexInitWithParams
 .text.C3D_TexLoadImage
                0x00107038       0xc8 D:/devkitPro/libctru/lib\libcitro3d.a(texture.o)
                0x00107038                C3D_TexLoadImage
 .text.C3D_TexBind
                0x00107100       0x44 D:/devkitPro/libctru/lib\libcitro3d.a(texture.o)
                0x00107100                C3D_TexBind
 .text.C3D_TexDelete
                0x00107144       0x74 D:/devkitPro/libctru/lib\libcitro3d.a(texture.o)
                0x00107144                C3D_TexDelete
 .text.C3Di_SetTex
                0x001071b8      0x14c D:/devkitPro/libctru/lib\libcitro3d.a(texture.o)
                0x001071b8                C3Di_SetTex
 .text.C3D_UpdateUniforms
                0x00107304      0x290 D:/devkitPro/libctru/lib\libcitro3d.a(uniforms.o)
                0x00107304                C3D_UpdateUniforms
 .text.C3Di_DirtyUniforms
                0x00107594       0xc0 D:/devkitPro/libctru/lib\libcitro3d.a(uniforms.o)
                0x00107594                C3Di_DirtyUniforms
 .text.C3Di_LoadShaderUniforms
                0x00107654       0xd8 D:/devkitPro/libctru/lib\libcitro3d.a(uniforms.o)
                0x00107654                C3Di_LoadShaderUniforms
 .text.C3Di_ClearShaderUniforms
                0x0010772c       0x28 D:/devkitPro/libctru/lib\libcitro3d.a(uniforms.o)
                0x0010772c                C3Di_ClearShaderUniforms
 .text.Mtx_Ortho
                0x00107754       0xcc D:/devkitPro/libctru/lib\libcitro3d.a(mtx_ortho.o)
                0x00107754                Mtx_Ortho
 .text.Mtx_OrthoTilt
                0x00107820       0xcc D:/devkitPro/libctru/lib\libcitro3d.a(mtx_orthotilt.o)
                0x00107820                Mtx_OrthoTilt
 .text._ZL21addrMapNodeComparatorPK11rbtree_nodeS1_
                0x001078ec       0x24 D:/devkitPro/libctru/lib\libctru.a(linear.o)
 .text._ZL21addrMapNodeDestructorP11rbtree_node
                0x00107910        0x4 D:/devkitPro/libctru/lib\libctru.a(linear.o)
 .text.linearMemAlign
                0x00107914      0x12c D:/devkitPro/libctru/lib\libctru.a(linear.o)
                0x00107914                linearMemAlign
 .text.linearAlloc
                0x00107a40        0x8 D:/devkitPro/libctru/lib\libctru.a(linear.o)
                0x00107a40                linearAlloc
 .text.linearFree
                0x00107a48       0x5c D:/devkitPro/libctru/lib\libctru.a(linear.o)
                0x00107a48                linearFree
 .text._ZN7MemPool13CoalesceRightEP8MemBlock
                0x00107aa4       0x88 D:/devkitPro/libctru/lib\libctru.a(mem_pool.o)
                0x00107aa4                MemPool::CoalesceRight(MemBlock*)
 .text._ZN7MemPool8AllocateER8MemChunkmi
                0x00107b2c      0x178 D:/devkitPro/libctru/lib\libctru.a(mem_pool.o)
                0x00107b2c                MemPool::Allocate(MemChunk&, unsigned long, int)
 .text._ZN7MemPool10DeallocateERK8MemChunk
                0x00107ca4      0x118 D:/devkitPro/libctru/lib\libctru.a(mem_pool.o)
                0x00107ca4                MemPool::Deallocate(MemChunk const&)
 .text._ZN7MemPool12GetFreeSpaceEv
                0x00107dbc       0x30 D:/devkitPro/libctru/lib\libctru.a(mem_pool.o)
                0x00107dbc                MemPool::GetFreeSpace()
 .text._ZL21addrMapNodeComparatorPK11rbtree_nodeS1_
                0x00107dec       0x24 D:/devkitPro/libctru/lib\libctru.a(vram.o)
 .text._ZL21addrMapNodeDestructorP11rbtree_node
                0x00107e10        0x4 D:/devkitPro/libctru/lib\libctru.a(vram.o)
 .text.vramMemAlignAt
                0x00107e14      0x248 D:/devkitPro/libctru/lib\libctru.a(vram.o)
                0x00107e14                vramMemAlignAt
 .text.vramAlloc
                0x0010805c        0xc D:/devkitPro/libctru/lib\libctru.a(vram.o)
                0x0010805c                vramAlloc
 .text.vramAllocAt
                0x00108068        0xc D:/devkitPro/libctru/lib\libctru.a(vram.o)
                0x00108068                vramAllocAt
 .text.vramFree
                0x00108074       0x94 D:/devkitPro/libctru/lib\libctru.a(vram.o)
                0x00108074                vramFree
 .text.fontEnsureMapped
                0x00108108       0x9c D:/devkitPro/libctru/lib\libctru.a(font.o)
                0x00108108                fontEnsureMapped
 .text.fontFixPointers
                0x001081a4       0x7c D:/devkitPro/libctru/lib\libctru.a(font.o)
                0x001081a4                fontFixPointers
 .text.fontGlyphIndexFromCodePoint
                0x00108220      0x100 D:/devkitPro/libctru/lib\libctru.a(font.o)
                0x00108220                fontGlyphIndexFromCodePoint
 .text.fontCalcGlyphPos
                0x00108320      0x214 D:/devkitPro/libctru/lib\libctru.a(font.o)
                0x00108320                fontCalcGlyphPos
 .text.gfxPresentFramebuffer
                0x00108534       0xcc D:/devkitPro/libctru/lib\libctru.a(gfx.o)
 .text.gfxIsWide
                0x00108600       0x1c D:/devkitPro/libctru/lib\libctru.a(gfx.o)
                0x00108600                gfxIsWide
 .text.gfxSetScreenFormat
                0x0010861c       0xf8 D:/devkitPro/libctru/lib\libctru.a(gfx.o)
                0x0010861c                gfxSetScreenFormat
 .text.gfxInit  0x00108714       0xd8 D:/devkitPro/libctru/lib\libctru.a(gfx.o)
                0x00108714                gfxInit
 .text.gfxInitDefault
                0x001087ec       0x10 D:/devkitPro/libctru/lib\libctru.a(gfx.o)
                0x001087ec                gfxInitDefault
 .text.gfxExit  0x001087fc       0xb8 D:/devkitPro/libctru/lib\libctru.a(gfx.o)
                0x001087fc                gfxExit
 .text.gfxGetFramebuffer
                0x001088b4       0xa0 D:/devkitPro/libctru/lib\libctru.a(gfx.o)
                0x001088b4                gfxGetFramebuffer
 .text.gfxScreenSwapBuffers
                0x00108954       0x28 D:/devkitPro/libctru/lib\libctru.a(gfx.o)
                0x00108954                gfxScreenSwapBuffers
 .text.osConvertVirtToPhys
                0x0010897c       0x74 D:/devkitPro/libctru/lib\libctru.a(os.o)
                0x0010897c                osConvertVirtToPhys
 .text.osGetTimeRef
                0x001089f0       0x54 D:/devkitPro/libctru/lib\libctru.a(os.o)
                0x001089f0                osGetTimeRef
 .text.osGetTime
                0x00108a44       0xec D:/devkitPro/libctru/lib\libctru.a(os.o)
                0x00108a44                osGetTime
 .text.__ctru_speedup_config
                0x00108b30       0x34 D:/devkitPro/libctru/lib\libctru.a(os.o)
                0x00108b30                __ctru_speedup_config
 .text.romfs_close
                0x00108b64        0x8 D:/devkitPro/libctru/lib\libctru.a(romfs_dev.o)
 .text.romfs_seek
                0x00108b6c       0xac D:/devkitPro/libctru/lib\libctru.a(romfs_dev.o)
 .text.romfs_dirreset
                0x00108c18       0x24 D:/devkitPro/libctru/lib\libctru.a(romfs_dev.o)
 .text.fill_dir
                0x00108c3c       0xc0 D:/devkitPro/libctru/lib\libctru.a(romfs_dev.o)
 .text.romfs_dirnext
                0x00108cfc      0x2ac D:/devkitPro/libctru/lib\libctru.a(romfs_dev.o)
 .text.romfs_free
                0x00108fa8       0x74 D:/devkitPro/libctru/lib\libctru.a(romfs_dev.o)
 .text.searchForFile.constprop.0
                0x0010901c       0xd0 D:/devkitPro/libctru/lib\libctru.a(romfs_dev.o)
 .text.searchForDir.constprop.0
                0x001090ec       0xd4 D:/devkitPro/libctru/lib\libctru.a(romfs_dev.o)
 .text.navigateToDir.constprop.0
                0x001091c0      0x1c0 D:/devkitPro/libctru/lib\libctru.a(romfs_dev.o)
 .text.romfs_open
                0x00109380      0x114 D:/devkitPro/libctru/lib\libctru.a(romfs_dev.o)
 .text.romfs_chdir
                0x00109494       0x4c D:/devkitPro/libctru/lib\libctru.a(romfs_dev.o)
 .text.romfs_diropen
                0x001094e0       0x68 D:/devkitPro/libctru/lib\libctru.a(romfs_dev.o)
 .text.romfs_stat
                0x00109548      0x178 D:/devkitPro/libctru/lib\libctru.a(romfs_dev.o)
 .text.romfs_dirclose
                0x001096c0        0x8 D:/devkitPro/libctru/lib\libctru.a(romfs_dev.o)
 .text.romfs_fstat
                0x001096c8       0x7c D:/devkitPro/libctru/lib\libctru.a(romfs_dev.o)
 .text.romfs_read
                0x00109744       0xd0 D:/devkitPro/libctru/lib\libctru.a(romfs_dev.o)
 .text.romfsMountFromFile
                0x00109814      0x294 D:/devkitPro/libctru/lib\libctru.a(romfs_dev.o)
                0x00109814                romfsMountFromFile
 .text.romfsMountFromCurrentProcess
                0x00109aa8       0x98 D:/devkitPro/libctru/lib\libctru.a(romfs_dev.o)
                0x00109aa8                romfsMountFromCurrentProcess
 .text.romfsMountSelf
                0x00109b40      0x258 D:/devkitPro/libctru/lib\libctru.a(romfs_dev.o)
                0x00109b40                romfsMountSelf
 .text.romfsUnmount
                0x00109d98       0xa0 D:/devkitPro/libctru/lib\libctru.a(romfs_dev.o)
                0x00109d98                romfsUnmount
 .text.GPUCMD_Add
                0x00109e38      0x13c D:/devkitPro/libctru/lib\libctru.a(gpu.o)
                0x00109e38                GPUCMD_Add
 .text.GPUCMD_Split
                0x00109f74       0xb0 D:/devkitPro/libctru/lib\libctru.a(gpu.o)
                0x00109f74                GPUCMD_Split
 .text.f32tof16
                0x0010a024       0x34 D:/devkitPro/libctru/lib\libctru.a(gpu.o)
                0x0010a024                f32tof16
 .text.f32tof24
                0x0010a058       0x34 D:/devkitPro/libctru/lib\libctru.a(gpu.o)
                0x0010a058                f32tof24
 .text.f32tof31
                0x0010a08c       0x38 D:/devkitPro/libctru/lib\libctru.a(gpu.o)
                0x0010a08c                f32tof31
 .text.GX_BindQueue
                0x0010a0c4       0x10 D:/devkitPro/libctru/lib\libctru.a(gx.o)
                0x0010a0c4                GX_BindQueue
 .text.GX_ProcessCommandList
                0x0010a0d4       0x7c D:/devkitPro/libctru/lib\libctru.a(gx.o)
                0x0010a0d4                GX_ProcessCommandList
 .text.GX_MemoryFill
                0x0010a150       0x74 D:/devkitPro/libctru/lib\libctru.a(gx.o)
                0x0010a150                GX_MemoryFill
 .text.GX_DisplayTransfer
                0x0010a1c4       0x74 D:/devkitPro/libctru/lib\libctru.a(gx.o)
                0x0010a1c4                GX_DisplayTransfer
 .text.GX_TextureCopy
                0x0010a238       0x78 D:/devkitPro/libctru/lib\libctru.a(gx.o)
                0x0010a238                GX_TextureCopy
 .text.gxCmdQueueDoCommands.part.0
                0x0010a2b0       0x64 D:/devkitPro/libctru/lib\libctru.a(gxqueue.o)
 .text.gxCmdQueueInterrupt
                0x0010a314       0xe4 D:/devkitPro/libctru/lib\libctru.a(gxqueue.o)
                0x0010a314                gxCmdQueueInterrupt
 .text.gxCmdQueueClear
                0x0010a3f8       0x68 D:/devkitPro/libctru/lib\libctru.a(gxqueue.o)
                0x0010a3f8                gxCmdQueueClear
 .text.gxCmdQueueAdd
                0x0010a460      0x108 D:/devkitPro/libctru/lib\libctru.a(gxqueue.o)
                0x0010a460                gxCmdQueueAdd
 .text.gxCmdQueueRun
                0x0010a568       0x80 D:/devkitPro/libctru/lib\libctru.a(gxqueue.o)
                0x0010a568                gxCmdQueueRun
 .text.gxCmdQueueStop
                0x0010a5e8       0x64 D:/devkitPro/libctru/lib\libctru.a(gxqueue.o)
                0x0010a5e8                gxCmdQueueStop
 .text.gxCmdQueueWait
                0x0010a64c       0xac D:/devkitPro/libctru/lib\libctru.a(gxqueue.o)
                0x0010a64c                gxCmdQueueWait
 .text.shaderInstanceInit
                0x0010a6f8      0x1e0 D:/devkitPro/libctru/lib\libctru.a(shaderProgram.o)
                0x0010a6f8                shaderInstanceInit
 .text.shaderInstanceGetUniformLocation
                0x0010a8d8       0x18 D:/devkitPro/libctru/lib\libctru.a(shaderProgram.o)
                0x0010a8d8                shaderInstanceGetUniformLocation
 .text.shaderProgramInit
                0x0010a8f0       0x1c D:/devkitPro/libctru/lib\libctru.a(shaderProgram.o)
                0x0010a8f0                shaderProgramInit
 .text.shaderProgramFree
                0x0010a90c       0x74 D:/devkitPro/libctru/lib\libctru.a(shaderProgram.o)
                0x0010a90c                shaderProgramFree
 .text.shaderProgramSetVsh
                0x0010a980       0x94 D:/devkitPro/libctru/lib\libctru.a(shaderProgram.o)
                0x0010a980                shaderProgramSetVsh
 .text.shaderProgramConfigure
                0x0010aa14      0x8d0 D:/devkitPro/libctru/lib\libctru.a(shaderProgram.o)
                0x0010aa14                shaderProgramConfigure
 .text.DVLE_GenerateOutmap.part.0
                0x0010b2e4      0x1dc D:/devkitPro/libctru/lib\libctru.a(shbin.o)
 .text.DVLB_ParseFile
                0x0010b4c0      0x1ac D:/devkitPro/libctru/lib\libctru.a(shbin.o)
                0x0010b4c0                DVLB_ParseFile
 .text.DVLB_Free
                0x0010b66c       0x50 D:/devkitPro/libctru/lib\libctru.a(shbin.o)
                0x0010b66c                DVLB_Free
 .text.DVLE_GetUniformRegister
                0x0010b6bc       0x74 D:/devkitPro/libctru/lib\libctru.a(shbin.o)
                0x0010b6bc                DVLE_GetUniformRegister
 .text.aptConvertScreenForCapture
                0x0010b730      0x180 D:/devkitPro/libctru/lib\libctru.a(apt.o)
 .text.aptDspSleep
                0x0010b8b0        0x8 D:/devkitPro/libctru/lib\libctru.a(apt.o)
                0x0010b8b0                aptDspSleep
 .text.aptDspWakeup
                0x0010b8b8        0x4 D:/devkitPro/libctru/lib\libctru.a(apt.o)
                0x0010b8b8                aptDspWakeup
 .text.aptDspCancel
                0x0010b8bc        0x4 D:/devkitPro/libctru/lib\libctru.a(apt.o)
                0x0010b8bc                aptDspCancel
 .text.aptSendCommand
                0x0010b8c0      0x138 D:/devkitPro/libctru/lib\libctru.a(apt.o)
                0x0010b8c0                aptSendCommand
 .text.aptExitProcess
                0x0010b9f8       0x44 D:/devkitPro/libctru/lib\libctru.a(apt.o)
 .text.aptExit  0x0010ba3c      0x394 D:/devkitPro/libctru/lib\libctru.a(apt.o)
                0x0010ba3c                aptExit
 .text.aptHandleSleep
                0x0010bdd0       0xd8 D:/devkitPro/libctru/lib\libctru.a(apt.o)
                0x0010bdd0                aptHandleSleep
 .text.aptHook  0x0010bea8       0x34 D:/devkitPro/libctru/lib\libctru.a(apt.o)
                0x0010bea8                aptHook
 .text.aptUnhook
                0x0010bedc       0x30 D:/devkitPro/libctru/lib\libctru.a(apt.o)
                0x0010bedc                aptUnhook
 .text.APT_SleepIfShellClosed
                0x0010bf0c       0x84 D:/devkitPro/libctru/lib\libctru.a(apt.o)
                0x0010bf0c                APT_SleepIfShellClosed
 .text.aptSetSleepAllowed
                0x0010bf90       0x78 D:/devkitPro/libctru/lib\libctru.a(apt.o)
                0x0010bf90                aptSetSleepAllowed
 .text.APT_UnlockTransition
                0x0010c008       0x84 D:/devkitPro/libctru/lib\libctru.a(apt.o)
                0x0010c008                APT_UnlockTransition
 *fill*         0x0010c08c        0x4 
 .text.aptEventHandler
                0x0010c090      0x470 D:/devkitPro/libctru/lib\libctru.a(apt.o)
 .text.APT_ReceiveParameter
                0x0010c500       0xbc D:/devkitPro/libctru/lib\libctru.a(apt.o)
                0x0010c500                APT_ReceiveParameter
 .text.aptReceiveParameter.constprop.0
                0x0010c5bc       0xb0 D:/devkitPro/libctru/lib\libctru.a(apt.o)
 *fill*         0x0010c66c        0x4 
 .text.aptScreenTransfer
                0x0010c670      0x294 D:/devkitPro/libctru/lib\libctru.a(apt.o)
 .text.aptWaitForWakeUp.isra.0
                0x0010c904      0x2d0 D:/devkitPro/libctru/lib\libctru.a(apt.o)
 .text.aptJumpToHomeMenu
                0x0010cbd4       0xf4 D:/devkitPro/libctru/lib\libctru.a(apt.o)
                0x0010cbd4                aptJumpToHomeMenu
 .text.aptMainLoop
                0x0010ccc8       0x58 D:/devkitPro/libctru/lib\libctru.a(apt.o)
                0x0010ccc8                aptMainLoop
 .text.aptInit  0x0010cd20      0x240 D:/devkitPro/libctru/lib\libctru.a(apt.o)
                0x0010cd20                aptInit
 .text.APT_CheckNew3DS
                0x0010cf60       0x90 D:/devkitPro/libctru/lib\libctru.a(apt.o)
                0x0010cf60                APT_CheckNew3DS
 .text.APT_GetSharedFont
                0x0010cff0       0x48 D:/devkitPro/libctru/lib\libctru.a(apt.o)
                0x0010cff0                APT_GetSharedFont
 .text.fsInit   0x0010d038      0x104 D:/devkitPro/libctru/lib\libctru.a(fs.o)
                0x0010d038                fsInit
 .text.fsExit   0x0010d13c       0x3c D:/devkitPro/libctru/lib\libctru.a(fs.o)
                0x0010d13c                fsExit
 .text.fsExemptFromSession
                0x0010d178       0x68 D:/devkitPro/libctru/lib\libctru.a(fs.o)
                0x0010d178                fsExemptFromSession
 .text.fsUnexemptFromSession
                0x0010d1e0       0x50 D:/devkitPro/libctru/lib\libctru.a(fs.o)
                0x0010d1e0                fsUnexemptFromSession
 .text.FSUSER_OpenFile
                0x0010d230       0xcc D:/devkitPro/libctru/lib\libctru.a(fs.o)
                0x0010d230                FSUSER_OpenFile
 .text.FSUSER_OpenFileDirectly
                0x0010d2fc       0xcc D:/devkitPro/libctru/lib\libctru.a(fs.o)
                0x0010d2fc                FSUSER_OpenFileDirectly
 .text.FSUSER_DeleteFile
                0x0010d3c8       0xb8 D:/devkitPro/libctru/lib\libctru.a(fs.o)
                0x0010d3c8                FSUSER_DeleteFile
 .text.FSUSER_RenameFile
                0x0010d480       0xf4 D:/devkitPro/libctru/lib\libctru.a(fs.o)
                0x0010d480                FSUSER_RenameFile
 .text.FSUSER_DeleteDirectory
                0x0010d574       0xb8 D:/devkitPro/libctru/lib\libctru.a(fs.o)
                0x0010d574                FSUSER_DeleteDirectory
 .text.FSUSER_CreateFile
                0x0010d62c       0xd0 D:/devkitPro/libctru/lib\libctru.a(fs.o)
                0x0010d62c                FSUSER_CreateFile
 .text.FSUSER_CreateDirectory
                0x0010d6fc       0xc0 D:/devkitPro/libctru/lib\libctru.a(fs.o)
                0x0010d6fc                FSUSER_CreateDirectory
 .text.FSUSER_RenameDirectory
                0x0010d7bc       0xf4 D:/devkitPro/libctru/lib\libctru.a(fs.o)
                0x0010d7bc                FSUSER_RenameDirectory
 .text.FSUSER_OpenDirectory
                0x0010d8b0       0xb4 D:/devkitPro/libctru/lib\libctru.a(fs.o)
                0x0010d8b0                FSUSER_OpenDirectory
 .text.FSUSER_OpenArchive
                0x0010d964       0x90 D:/devkitPro/libctru/lib\libctru.a(fs.o)
                0x0010d964                FSUSER_OpenArchive
 .text.FSUSER_CloseArchive
                0x0010d9f4       0x8c D:/devkitPro/libctru/lib\libctru.a(fs.o)
                0x0010d9f4                FSUSER_CloseArchive
 .text.FSUSER_GetSdmcArchiveResource
                0x0010da80       0x74 D:/devkitPro/libctru/lib\libctru.a(fs.o)
                0x0010da80                FSUSER_GetSdmcArchiveResource
 .text.FSUSER_IsSdmcWritable
                0x0010daf4       0x64 D:/devkitPro/libctru/lib\libctru.a(fs.o)
                0x0010daf4                FSUSER_IsSdmcWritable
 .text.FSFILE_Read
                0x0010db58       0x64 D:/devkitPro/libctru/lib\libctru.a(fs.o)
                0x0010db58                FSFILE_Read
 .text.FSFILE_Write
                0x0010dbbc       0x6c D:/devkitPro/libctru/lib\libctru.a(fs.o)
                0x0010dbbc                FSFILE_Write
 .text.FSFILE_GetSize
                0x0010dc28       0x44 D:/devkitPro/libctru/lib\libctru.a(fs.o)
                0x0010dc28                FSFILE_GetSize
 .text.FSFILE_SetSize
                0x0010dc6c       0x28 D:/devkitPro/libctru/lib\libctru.a(fs.o)
                0x0010dc6c                FSFILE_SetSize
 .text.FSFILE_Close
                0x0010dc94       0x3c D:/devkitPro/libctru/lib\libctru.a(fs.o)
                0x0010dc94                FSFILE_Close
 .text.FSFILE_Flush
                0x0010dcd0       0x24 D:/devkitPro/libctru/lib\libctru.a(fs.o)
                0x0010dcd0                FSFILE_Flush
 .text.FSDIR_Read
                0x0010dcf4       0x60 D:/devkitPro/libctru/lib\libctru.a(fs.o)
                0x0010dcf4                FSDIR_Read
 .text.FSDIR_Close
                0x0010dd54       0x3c D:/devkitPro/libctru/lib\libctru.a(fs.o)
                0x0010dd54                FSDIR_Close
 .text.gspHardwareInit
                0x0010dd90      0xc70 D:/devkitPro/libctru/lib\libctru.a(gspgpu.o)
 .text.gspInit  0x0010ea00      0x288 D:/devkitPro/libctru/lib\libctru.a(gspgpu.o)
                0x0010ea00                gspInit
 .text.gspExit  0x0010ec88      0x104 D:/devkitPro/libctru/lib\libctru.a(gspgpu.o)
                0x0010ec88                gspExit
 .text.gspHasGpuRight
                0x0010ed8c       0x10 D:/devkitPro/libctru/lib\libctru.a(gspgpu.o)
                0x0010ed8c                gspHasGpuRight
 .text.gspPresentBuffer
                0x0010ed9c       0xa4 D:/devkitPro/libctru/lib\libctru.a(gspgpu.o)
                0x0010ed9c                gspPresentBuffer
 .text.gspSetEventCallback
                0x0010ee40       0x30 D:/devkitPro/libctru/lib\libctru.a(gspgpu.o)
                0x0010ee40                gspSetEventCallback
 .text.gspWaitForEvent
                0x0010ee70       0x50 D:/devkitPro/libctru/lib\libctru.a(gspgpu.o)
                0x0010ee70                gspWaitForEvent
 .text.gspWaitForAnyEvent
                0x0010eec0       0x4c D:/devkitPro/libctru/lib\libctru.a(gspgpu.o)
                0x0010eec0                gspWaitForAnyEvent
 .text.gspEventThreadMain
                0x0010ef0c      0x154 D:/devkitPro/libctru/lib\libctru.a(gspgpu.o)
 .text.gspSubmitGxCommand
                0x0010f060      0x12c D:/devkitPro/libctru/lib\libctru.a(gspgpu.o)
                0x0010f060                gspSubmitGxCommand
 .text.GSPGPU_FlushDataCache
                0x0010f18c       0x50 D:/devkitPro/libctru/lib\libctru.a(gspgpu.o)
                0x0010f18c                GSPGPU_FlushDataCache
 .text.GSPGPU_SetLcdForceBlack
                0x0010f1dc       0x34 D:/devkitPro/libctru/lib\libctru.a(gspgpu.o)
                0x0010f1dc                GSPGPU_SetLcdForceBlack
 .text.GSPGPU_AcquireRight
                0x0010f210       0x84 D:/devkitPro/libctru/lib\libctru.a(gspgpu.o)
                0x0010f210                GSPGPU_AcquireRight
 .text.GSPGPU_ReleaseRight
                0x0010f294       0x64 D:/devkitPro/libctru/lib\libctru.a(gspgpu.o)
                0x0010f294                GSPGPU_ReleaseRight
 .text.GSPGPU_ImportDisplayCaptureInfo
                0x0010f2f8       0x7c D:/devkitPro/libctru/lib\libctru.a(gspgpu.o)
                0x0010f2f8                GSPGPU_ImportDisplayCaptureInfo
 .text.GSPGPU_SaveVramSysArea
                0x0010f374       0x2c D:/devkitPro/libctru/lib\libctru.a(gspgpu.o)
                0x0010f374                GSPGPU_SaveVramSysArea
 .text.GSPGPU_RestoreVramSysArea
                0x0010f3a0       0x2c D:/devkitPro/libctru/lib\libctru.a(gspgpu.o)
                0x0010f3a0                GSPGPU_RestoreVramSysArea
 .text.hidShouldUseIrrst
                0x0010f3cc       0x24 D:/devkitPro/libctru/lib\libctru.a(hid.o)
                0x0010f3cc                hidShouldUseIrrst
 .text.hidInit  0x0010f3f0      0x1cc D:/devkitPro/libctru/lib\libctru.a(hid.o)
                0x0010f3f0                hidInit
 .text.hidExit  0x0010f5bc       0xe8 D:/devkitPro/libctru/lib\libctru.a(hid.o)
                0x0010f5bc                hidExit
 .text.hidScanInput
                0x0010f6a4      0x2a0 D:/devkitPro/libctru/lib\libctru.a(hid.o)
                0x0010f6a4                hidScanInput
 .text.hidKeysDown
                0x0010f944       0x10 D:/devkitPro/libctru/lib\libctru.a(hid.o)
                0x0010f944                hidKeysDown
 .text.irrstInit
                0x0010f954      0x1a4 D:/devkitPro/libctru/lib\libctru.a(irrst.o)
                0x0010f954                irrstInit
 .text.irrstExit
                0x0010faf8       0xdc D:/devkitPro/libctru/lib\libctru.a(irrst.o)
                0x0010faf8                irrstExit
 .text.irrstScanInput
                0x0010fbd4       0xb4 D:/devkitPro/libctru/lib\libctru.a(irrst.o)
                0x0010fbd4                irrstScanInput
 .text.irrstKeysHeld
                0x0010fc88       0x24 D:/devkitPro/libctru/lib\libctru.a(irrst.o)
                0x0010fc88                irrstKeysHeld
 .text.ptmSysmInit
                0x0010fcac       0x78 D:/devkitPro/libctru/lib\libctru.a(ptmsysm.o)
                0x0010fcac                ptmSysmInit
 .text.ptmSysmExit
                0x0010fd24       0x3c D:/devkitPro/libctru/lib\libctru.a(ptmsysm.o)
                0x0010fd24                ptmSysmExit
 .text.PTMSYSM_ConfigureNew3DSCPU
                0x0010fd60       0x34 D:/devkitPro/libctru/lib\libctru.a(ptmsysm.o)
                0x0010fd60                PTMSYSM_ConfigureNew3DSCPU
 .text.buffer_read
                0x0010fd94       0xe0 D:/devkitPro/libctru/lib\libctru.a(decompress.o)
 .text.iov_read
                0x0010fe74       0xcc D:/devkitPro/libctru/lib\libctru.a(decompress.o)
 .text.iov_memmove
                0x0010ff40      0x164 D:/devkitPro/libctru/lib\libctru.a(decompress.o)
 .text.decompress_rle
                0x001100a4      0x1e0 D:/devkitPro/libctru/lib\libctru.a(decompress.o)
 .text.decompress_lzss
                0x00110284      0x264 D:/devkitPro/libctru/lib\libctru.a(decompress.o)
 .text.decompress_lz11
                0x001104e8      0x418 D:/devkitPro/libctru/lib\libctru.a(decompress.o)
 .text.decompress_huff.isra.0
                0x00110900      0x33c D:/devkitPro/libctru/lib\libctru.a(decompress.o)
 .text.decompressCallback_Stdio
                0x00110c3c       0x10 D:/devkitPro/libctru/lib\libctru.a(decompress.o)
                0x00110c3c                decompressCallback_Stdio
 .text.decompressHeader
                0x00110c4c       0xe4 D:/devkitPro/libctru/lib\libctru.a(decompress.o)
                0x00110c4c                decompressHeader
 .text.decompressV
                0x00110d30      0x21c D:/devkitPro/libctru/lib\libctru.a(decompress.o)
                0x00110d30                decompressV
 .text.rbtree_find
                0x00110f4c       0x74 D:/devkitPro/libctru/lib\libctru.a(rbtree_find.o)
                0x00110f4c                rbtree_find
 .text.rbtree_init
                0x00110fc0       0x10 D:/devkitPro/libctru/lib\libctru.a(rbtree_init.o)
                0x00110fc0                rbtree_init
 .text.do_insert
                0x00110fd0      0x198 D:/devkitPro/libctru/lib\libctru.a(rbtree_insert.o)
 .text.rbtree_insert
                0x00111168        0x8 D:/devkitPro/libctru/lib\libctru.a(rbtree_insert.o)
                0x00111168                rbtree_insert
 .text.rbtree_remove
                0x00111170      0x310 D:/devkitPro/libctru/lib\libctru.a(rbtree_remove.o)
                0x00111170                rbtree_remove
 .text.rbtree_rotate
                0x00111480       0x90 D:/devkitPro/libctru/lib\libctru.a(rbtree_rotate.o)
                0x00111480                rbtree_rotate
 .text.decode_utf8
                0x00111510      0x140 D:/devkitPro/libctru/lib\libctru.a(decode_utf8.o)
                0x00111510                decode_utf8
 .text.utf16_to_utf8
                0x00111650       0xe8 D:/devkitPro/libctru/lib\libctru.a(utf16_to_utf8.o)
                0x00111650                utf16_to_utf8
 .text.utf8_to_utf16
                0x00111738       0xc0 D:/devkitPro/libctru/lib\libctru.a(utf8_to_utf16.o)
                0x00111738                utf8_to_utf16
 .text.__system_allocateHeaps
                0x001117f8      0x1e8 D:/devkitPro/libctru/lib\libctru.a(allocateHeaps.o)
                0x001117f8                __system_allocateHeaps
 .text.__libctru_init
                0x001119e0       0x38 D:/devkitPro/libctru/lib\libctru.a(ctru_init.o)
                0x001119e0                __libctru_init
 .text.__system_initArgv
                0x00111a18      0x16c D:/devkitPro/libctru/lib\libctru.a(initArgv.o)
                0x00111a18                __system_initArgv
 .text.__syscall_getreent
                0x00111b84       0x30 D:/devkitPro/libctru/lib\libctru.a(syscalls.o)
                0x00111b84                __syscall_getreent
 .text.__syscall_gettod_r
                0x00111bb4       0x64 D:/devkitPro/libctru/lib\libctru.a(syscalls.o)
                0x00111bb4                __syscall_gettod_r
 .text.__syscall_lock_acquire
                0x00111c18        0x4 D:/devkitPro/libctru/lib\libctru.a(syscalls.o)
                0x00111c18                __syscall_lock_acquire
 .text.__syscall_lock_release
                0x00111c1c        0x4 D:/devkitPro/libctru/lib\libctru.a(syscalls.o)
                0x00111c1c                __syscall_lock_release
 .text.__syscall_lock_acquire_recursive
                0x00111c20        0x4 D:/devkitPro/libctru/lib\libctru.a(syscalls.o)
                0x00111c20                __syscall_lock_acquire_recursive
 .text.__syscall_lock_release_recursive
                0x00111c24        0x4 D:/devkitPro/libctru/lib\libctru.a(syscalls.o)
                0x00111c24                __syscall_lock_release_recursive
 .text.__syscall_exit
                0x00111c28        0x4 D:/devkitPro/libctru/lib\libctru.a(syscalls.o)
                0x00111c28                __syscall_exit
 .text.initThreadVars
                0x00111c2c       0x54 D:/devkitPro/libctru/lib\libctru.a(syscalls.o)
                0x00111c2c                initThreadVars
 .text.__system_initSyscalls
                0x00111c80       0x80 D:/devkitPro/libctru/lib\libctru.a(syscalls.o)
                0x00111c80                __system_initSyscalls
 .text.svcControlMemory
                0x00111d00       0x20 D:/devkitPro/libctru/lib\libctru.a(svc.o)
                0x00111d00                svcControlMemory
 .text.svcQueryMemory
                0x00111d20       0x30 D:/devkitPro/libctru/lib\libctru.a(svc.o)
                0x00111d20                svcQueryMemory
 .text.svcExitProcess
                0x00111d50        0x8 D:/devkitPro/libctru/lib\libctru.a(svc.o)
                0x00111d50                svcExitProcess
 .text.svcCreateThread
                0x00111d58       0x20 D:/devkitPro/libctru/lib\libctru.a(svc.o)
                0x00111d58                svcCreateThread
 .text.svcExitThread
                0x00111d78        0x8 D:/devkitPro/libctru/lib\libctru.a(svc.o)
                0x00111d78                svcExitThread
 .text.svcSleepThread
                0x00111d80        0x8 D:/devkitPro/libctru/lib\libctru.a(svc.o)
                0x00111d80                svcSleepThread
 .text.svcReleaseMutex
                0x00111d88        0x8 D:/devkitPro/libctru/lib\libctru.a(svc.o)
                0x00111d88                svcReleaseMutex
 .text.svcCreateEvent
                0x00111d90       0x14 D:/devkitPro/libctru/lib\libctru.a(svc.o)
                0x00111d90                svcCreateEvent
 .text.svcSignalEvent
                0x00111da4        0x8 D:/devkitPro/libctru/lib\libctru.a(svc.o)
                0x00111da4                svcSignalEvent
 .text.svcClearEvent
                0x00111dac        0x8 D:/devkitPro/libctru/lib\libctru.a(svc.o)
                0x00111dac                svcClearEvent
 .text.svcMapMemoryBlock
                0x00111db4        0x8 D:/devkitPro/libctru/lib\libctru.a(svc.o)
                0x00111db4                svcMapMemoryBlock
 .text.svcUnmapMemoryBlock
                0x00111dbc        0x8 D:/devkitPro/libctru/lib\libctru.a(svc.o)
                0x00111dbc                svcUnmapMemoryBlock
 .text.svcCreateAddressArbiter
                0x00111dc4       0x14 D:/devkitPro/libctru/lib\libctru.a(svc.o)
                0x00111dc4                svcCreateAddressArbiter
 .text.svcArbitrateAddressNoTimeout
                0x00111dd8        0x8 D:/devkitPro/libctru/lib\libctru.a(svc.o)
                0x00111dd8                svcArbitrateAddressNoTimeout
 .text.svcCloseHandle
                0x00111de0        0x8 D:/devkitPro/libctru/lib\libctru.a(svc.o)
                0x00111de0                svcCloseHandle
 .text.svcWaitSynchronization
                0x00111de8        0x8 D:/devkitPro/libctru/lib\libctru.a(svc.o)
                0x00111de8                svcWaitSynchronization
 .text.svcWaitSynchronizationN
                0x00111df0       0x28 D:/devkitPro/libctru/lib\libctru.a(svc.o)
                0x00111df0                svcWaitSynchronizationN
 .text.svcDuplicateHandle
                0x00111e18       0x14 D:/devkitPro/libctru/lib\libctru.a(svc.o)
                0x00111e18                svcDuplicateHandle
 .text.svcGetSystemTick
                0x00111e2c        0x8 D:/devkitPro/libctru/lib\libctru.a(svc.o)
                0x00111e2c                svcGetSystemTick
 .text.svcConnectToPort
                0x00111e34       0x14 D:/devkitPro/libctru/lib\libctru.a(svc.o)
                0x00111e34                svcConnectToPort
 .text.svcSendSyncRequest
                0x00111e48        0x8 D:/devkitPro/libctru/lib\libctru.a(svc.o)
                0x00111e48                svcSendSyncRequest
 .text.svcGetResourceLimit
                0x00111e50       0x14 D:/devkitPro/libctru/lib\libctru.a(svc.o)
                0x00111e50                svcGetResourceLimit
 .text.svcGetResourceLimitLimitValues
                0x00111e64        0x8 D:/devkitPro/libctru/lib\libctru.a(svc.o)
                0x00111e64                svcGetResourceLimitLimitValues
 .text.svcGetResourceLimitCurrentValues
                0x00111e6c        0x8 D:/devkitPro/libctru/lib\libctru.a(svc.o)
                0x00111e6c                svcGetResourceLimitCurrentValues
 .text.svcBreak
                0x00111e74        0x8 D:/devkitPro/libctru/lib\libctru.a(svc.o)
                0x00111e74                svcBreak
 .text.__aeabi_read_tp
                0x00111e7c        0xc D:/devkitPro/libctru/lib\libctru.a(readtp.o)
                0x00111e7c                __aeabi_read_tp
 .text.initSystem
                0x00111e88       0x50 D:/devkitPro/libctru/lib\libctru.a(stack_adjust.o)
                0x00111e88                initSystem
 .text.__ctru_exit
                0x00111ed8       0x14 D:/devkitPro/libctru/lib\libctru.a(stack_adjust.o)
                0x00111ed8                __ctru_exit
 .text.envGetHandle
                0x00111eec       0x8c D:/devkitPro/libctru/lib\libctru.a(env.o)
                0x00111eec                envGetHandle
 .text.envDestroyHandles
                0x00111f78       0x50 D:/devkitPro/libctru/lib\libctru.a(env.o)
                0x00111f78                envDestroyHandles
 .text.srvInit  0x00111fc8      0x164 D:/devkitPro/libctru/lib\libctru.a(srv.o)
                0x00111fc8                srvInit
 .text.srvExit  0x0011212c       0x64 D:/devkitPro/libctru/lib\libctru.a(srv.o)
                0x0011212c                srvExit
 .text.srvEnableNotification
                0x00112190       0x60 D:/devkitPro/libctru/lib\libctru.a(srv.o)
                0x00112190                srvEnableNotification
 .text.srvGetServiceHandleDirect
                0x001121f0       0xa0 D:/devkitPro/libctru/lib\libctru.a(srv.o)
                0x001121f0                srvGetServiceHandleDirect
 .text.srvGetServiceHandle
                0x00112290       0x48 D:/devkitPro/libctru/lib\libctru.a(srv.o)
                0x00112290                srvGetServiceHandle
 .text.srvSubscribe
                0x001122d8       0x34 D:/devkitPro/libctru/lib\libctru.a(srv.o)
                0x001122d8                srvSubscribe
 .text.srvReceiveNotification
                0x0011230c       0x60 D:/devkitPro/libctru/lib\libctru.a(srv.o)
                0x0011230c                srvReceiveNotification
 .text.srvPublishToSubscriber
                0x0011236c       0x38 D:/devkitPro/libctru/lib\libctru.a(srv.o)
                0x0011236c                srvPublishToSubscriber
 .text.__sync_init
                0x001123a4        0xc D:/devkitPro/libctru/lib\libctru.a(synchronization.o)
                0x001123a4                __sync_init
 .text.__sync_fini
                0x001123b0       0x18 D:/devkitPro/libctru/lib\libctru.a(synchronization.o)
                0x001123b0                __sync_fini
 .text.syncArbitrateAddress
                0x001123c8       0x28 D:/devkitPro/libctru/lib\libctru.a(synchronization.o)
                0x001123c8                syncArbitrateAddress
 .text.LightLock_Lock
                0x001123f0       0xac D:/devkitPro/libctru/lib\libctru.a(synchronization.o)
                0x001123f0                LightLock_Lock
 .text.LightLock_Unlock
                0x0011249c       0x40 D:/devkitPro/libctru/lib\libctru.a(synchronization.o)
                0x0011249c                LightLock_Unlock
 .text.RecursiveLock_Lock
                0x001124dc       0x54 D:/devkitPro/libctru/lib\libctru.a(synchronization.o)
                0x001124dc                RecursiveLock_Lock
 .text.RecursiveLock_Unlock
                0x00112530       0x54 D:/devkitPro/libctru/lib\libctru.a(synchronization.o)
                0x00112530                RecursiveLock_Unlock
 .text.LightEvent_Init
                0x00112584       0x44 D:/devkitPro/libctru/lib\libctru.a(synchronization.o)
                0x00112584                LightEvent_Init
 .text.LightEvent_Clear
                0x001125c8       0xb8 D:/devkitPro/libctru/lib\libctru.a(synchronization.o)
                0x001125c8                LightEvent_Clear
 .text.LightEvent_Signal
                0x00112680       0xdc D:/devkitPro/libctru/lib\libctru.a(synchronization.o)
                0x00112680                LightEvent_Signal
 .text.LightEvent_TryWait
                0x0011275c       0x50 D:/devkitPro/libctru/lib\libctru.a(synchronization.o)
                0x0011275c                LightEvent_TryWait
 .text.LightEvent_Wait
                0x001127ac       0xac D:/devkitPro/libctru/lib\libctru.a(synchronization.o)
                0x001127ac                LightEvent_Wait
 .text.threadCreate
                0x00112858      0x1fc D:/devkitPro/libctru/lib\libctru.a(thread.o)
                0x00112858                threadCreate
 .text.threadFree
                0x00112a54       0x38 D:/devkitPro/libctru/lib\libctru.a(thread.o)
                0x00112a54                threadFree
 .text.threadJoin
                0x00112a8c       0x24 D:/devkitPro/libctru/lib\libctru.a(thread.o)
                0x00112a8c                threadJoin
 .text.threadGetCurrent
                0x00112ab0       0x30 D:/devkitPro/libctru/lib\libctru.a(thread.o)
                0x00112ab0                threadGetCurrent
 .text.threadExit
                0x00112ae0       0x40 D:/devkitPro/libctru/lib\libctru.a(thread.o)
                0x00112ae0                threadExit
 .text._thread_begin
                0x00112b20       0x20 D:/devkitPro/libctru/lib\libctru.a(thread.o)
 .text.mappableFindAddressWithin
                0x00112b40       0x90 D:/devkitPro/libctru/lib\libctru.a(mappable.o)
 .text.mappableInit
                0x00112bd0       0x28 D:/devkitPro/libctru/lib\libctru.a(mappable.o)
                0x00112bd0                mappableInit
 .text.mappableAlloc
                0x00112bf8       0x7c D:/devkitPro/libctru/lib\libctru.a(mappable.o)
                0x00112bf8                mappableAlloc
 .text.mappableFree
                0x00112c74        0x4 D:/devkitPro/libctru/lib\libctru.a(mappable.o)
                0x00112c74                mappableFree
 .text.srvPmGetSessionHandle
                0x00112c78        0xc D:/devkitPro/libctru/lib\libctru.a(srvpm.o)
                0x00112c78                srvPmGetSessionHandle
 .text.rbtree_node_next
                0x00112c84       0x60 D:/devkitPro/libctru/lib\libctru.a(rbtree_iterator.o)
                0x00112c84                rbtree_node_next
 .text.decode_utf16
                0x00112ce4       0x54 D:/devkitPro/libctru/lib\libctru.a(decode_utf16.o)
                0x00112ce4                decode_utf16
 .text.encode_utf16
                0x00112d38       0x54 D:/devkitPro/libctru/lib\libctru.a(encode_utf16.o)
                0x00112d38                encode_utf16
 .text.encode_utf8
                0x00112d8c       0xe0 D:/devkitPro/libctru/lib\libctru.a(encode_utf8.o)
                0x00112d8c                encode_utf8
 .text.__appExit
                0x00112e6c       0x30 D:/devkitPro/libctru/lib\libctru.a(appExit.o)
                0x00112e6c                __appExit
 .text.__appInit
                0x00112e9c       0x30 D:/devkitPro/libctru/lib\libctru.a(appInit.o)
                0x00112e9c                __appInit
 .text.__libctru_exit
                0x00112ecc       0x90 D:/devkitPro/libctru/lib\libctru.a(ctru_exit.o)
                0x00112ecc                __libctru_exit
 .text.error_cmp
                0x00112f5c       0x24 D:/devkitPro/libctru/lib\libctru.a(archive_dev.o)
 .text.archive_translate_error
                0x00112f80       0x50 D:/devkitPro/libctru/lib\libctru.a(archive_dev.o)
 .text.archive_seek
                0x00112fd0       0xc0 D:/devkitPro/libctru/lib\libctru.a(archive_dev.o)
 .text._archiveInit.part.0
                0x00113090       0x78 D:/devkitPro/libctru/lib\libctru.a(archive_dev.o)
 .text.archiveFindDevice.part.0
                0x00113108      0x110 D:/devkitPro/libctru/lib\libctru.a(archive_dev.o)
 .text.archive_utf16path
                0x00113218      0x298 D:/devkitPro/libctru/lib\libctru.a(archive_dev.o)
 .text._archiveUnmountDeviceStruct.part.0
                0x001134b0       0x98 D:/devkitPro/libctru/lib\libctru.a(archive_dev.o)
 .text._archiveMountDevice
                0x00113548      0x178 D:/devkitPro/libctru/lib\libctru.a(archive_dev.o)
 .text.archive_diropen
                0x001136c0       0xf8 D:/devkitPro/libctru/lib\libctru.a(archive_dev.o)
 .text.archive_fstat
                0x001137b8       0xac D:/devkitPro/libctru/lib\libctru.a(archive_dev.o)
 .text.archive_fsync
                0x00113864       0x74 D:/devkitPro/libctru/lib\libctru.a(archive_dev.o)
 .text.archive_close
                0x001138d8       0x74 D:/devkitPro/libctru/lib\libctru.a(archive_dev.o)
 .text.archive_dirclose
                0x0011394c       0x78 D:/devkitPro/libctru/lib\libctru.a(archive_dev.o)
 .text.sdmc_statvfs
                0x001139c4       0xec D:/devkitPro/libctru/lib\libctru.a(archive_dev.o)
 .text.archive_chdir
                0x00113ab0       0xf8 D:/devkitPro/libctru/lib\libctru.a(archive_dev.o)
 .text.archive_ftruncate
                0x00113ba8       0x8c D:/devkitPro/libctru/lib\libctru.a(archive_dev.o)
 .text.archive_read
                0x00113c34       0xbc D:/devkitPro/libctru/lib\libctru.a(archive_dev.o)
 .text.archive_unlink
                0x00113cf0       0xa8 D:/devkitPro/libctru/lib\libctru.a(archive_dev.o)
 .text.archive_rmdir
                0x00113d98       0xc0 D:/devkitPro/libctru/lib\libctru.a(archive_dev.o)
 .text.archive_mkdir
                0x00113e58       0xd8 D:/devkitPro/libctru/lib\libctru.a(archive_dev.o)
 .text.archive_stat
                0x00113f30      0x1a0 D:/devkitPro/libctru/lib\libctru.a(archive_dev.o)
 .text.archive_dirnext
                0x001140d0      0x164 D:/devkitPro/libctru/lib\libctru.a(archive_dev.o)
 .text.archive_write
                0x00114234      0x13c D:/devkitPro/libctru/lib\libctru.a(archive_dev.o)
 .text.archive_open
                0x00114370      0x254 D:/devkitPro/libctru/lib\libctru.a(archive_dev.o)
 .text.archive_rename
                0x001145c4      0x270 D:/devkitPro/libctru/lib\libctru.a(archive_dev.o)
 .text.archiveMountSdmc
                0x00114834      0x1c8 D:/devkitPro/libctru/lib\libctru.a(archive_dev.o)
                0x00114834                archiveMountSdmc
 .text.archiveUnmountAll
                0x001149fc       0x54 D:/devkitPro/libctru/lib\libctru.a(archive_dev.o)
                0x001149fc                archiveUnmountAll
 .text.sinf     0x00114a50      0x264 D:/devkitPro/devkitARM/bin/../lib/gcc/arm-none-eabi/16.1.0/../../../../arm-none-eabi/lib/armv6k/fpu\libm.a(libm_a-sinf.o)
                0x00114a50                sinf
 .text.with_errnof
                0x00114cb4       0x24 D:/devkitPro/devkitARM/bin/../lib/gcc/arm-none-eabi/16.1.0/../../../../arm-none-eabi/lib/armv6k/fpu\libm.a(libm_a-math_errf.o)
 .text.__math_invalidf
                0x00114cd8       0x1c D:/devkitPro/devkitARM/bin/../lib/gcc/arm-none-eabi/16.1.0/../../../../arm-none-eabi/lib/armv6k/fpu\libm.a(libm_a-math_errf.o)
                0x00114cd8                __math_invalidf
 .text.ceilf    0x00114cf4       0xc0 D:/devkitPro/devkitARM/bin/../lib/gcc/arm-none-eabi/16.1.0/../../../../arm-none-eabi/lib/armv6k/fpu\libm.a(libm_a-sf_ceil.o)
                0x00114cf4                ceilf
 *fill*         0x00114db4        0x4 
 .text.cosf     0x00114db8      0x25c D:/devkitPro/devkitARM/bin/../lib/gcc/arm-none-eabi/16.1.0/../../../../arm-none-eabi/lib/armv6k/fpu\libm.a(libm_a-cosf.o)
                0x00114db8                cosf
 .text.__fixdfdi
                0x00115014       0x2c D:/devkitPro/devkitARM/bin/../lib/gcc/arm-none-eabi/16.1.0/armv6k/fpu\libgcc.a(_fixdfdi.o)
                0x00115014                __fixdfdi
                0x00115014                __aeabi_d2lz
 .text.__fixunsdfdi
                0x00115040       0x40 D:/devkitPro/devkitARM/bin/../lib/gcc/arm-none-eabi/16.1.0/armv6k/fpu\libgcc.a(_fixunsdfdi.o)
                0x00115040                __fixunsdfdi
                0x00115040                __aeabi_d2ulz
 .text.__udivmoddi4
                0x00115080      0x130 D:/devkitPro/devkitARM/bin/../lib/gcc/arm-none-eabi/16.1.0/armv6k/fpu\libgcc.a(_udivmoddi4.o)
                0x00115080                __udivmoddi4
 .text.strncat  0x001151b0       0xe4 D:/devkitPro/devkitARM/bin/../lib/gcc/arm-none-eabi/16.1.0/../../../../arm-none-eabi/lib/armv6k/fpu\libc.a(libc_a-strncat.o)
                0x001151b0                strncat
 .text.sscanf   0x00115294       0x78 D:/devkitPro/devkitARM/bin/../lib/gcc/arm-none-eabi/16.1.0/../../../../arm-none-eabi/lib/armv6k/fpu\libc.a(libc_a-sscanf.o)
                0x00115294                sscanf
 .text.critical_factorization
                0x0011530c      0x130 D:/devkitPro/devkitARM/bin/../lib/gcc/arm-none-eabi/16.1.0/../../../../arm-none-eabi/lib/armv6k/fpu\libc.a(libc_a-strstr.o)
 .text.two_way_long_needle
                0x0011543c      0x33c D:/devkitPro/devkitARM/bin/../lib/gcc/arm-none-eabi/16.1.0/../../../../arm-none-eabi/lib/armv6k/fpu\libc.a(libc_a-strstr.o)
 .text.strstr   0x00115778      0x238 D:/devkitPro/devkitARM/bin/../lib/gcc/arm-none-eabi/16.1.0/../../../../arm-none-eabi/lib/armv6k/fpu\libc.a(libc_a-strstr.o)
                0x00115778                strstr
 .text.memcpy   0x001159b0      0x128 D:/devkitPro/devkitARM/bin/../lib/gcc/arm-none-eabi/16.1.0/../../../../arm-none-eabi/lib/armv6k/fpu\libc.a(libc_a-memcpy-stub.o)
                0x001159b0                memcpy
 .text.strlen   0x00115ad8       0x8c D:/devkitPro/devkitARM/bin/../lib/gcc/arm-none-eabi/16.1.0/../../../../arm-none-eabi/lib/armv6k/fpu\libc.a(libc_a-strlen.o)
                0x00115ad8                strlen
 .text._fread_r
                0x00115b64      0x334 D:/devkitPro/devkitARM/bin/../lib/gcc/arm-none-eabi/16.1.0/../../../../arm-none-eabi/lib/armv6k/fpu\libc.a(libc_a-fread.o)
                0x00115b64                _fread_r
 .text.fread    0x00115e98       0x38 D:/devkitPro/devkitARM/bin/../lib/gcc/arm-none-eabi/16.1.0/../../../../arm-none-eabi/lib/armv6k/fpu\libc.a(libc_a-fread.o)
                0x00115e98                fread
 .text.bsearch  0x00115ed0       0x78 D:/devkitPro/devkitARM/bin/../lib/gcc/arm-none-eabi/16.1.0/../../../../arm-none-eabi/lib/armv6k/fpu\libc.a(libc_a-bsearch.o)
                0x00115ed0                bsearch
 .text.get_arg  0x00115f48       0x50 D:/devkitPro/devkitARM/bin/../lib/gcc/arm-none-eabi/16.1.0/../../../../arm-none-eabi/lib/armv6k/fpu\libc.a(libc_a-svfscanf.o)
 .text.__ssvfscanf_r
                0x00115f98     0x2b88 D:/devkitPro/devkitARM/bin/../lib/gcc/arm-none-eabi/16.1.0/../../../../arm-none-eabi/lib/armv6k/fpu\libc.a(libc_a-svfscanf.o)
                0x00115f98                __ssvfscanf_r
 .text._fopen_r
                0x00118b20      0x134 D:/devkitPro/devkitARM/bin/../lib/gcc/arm-none-eabi/16.1.0/../../../../arm-none-eabi/lib/armv6k/fpu\libc.a(libc_a-fopen.o)
                0x00118b20                _fopen_r
 .text.fopen    0x00118c54       0x28 D:/devkitPro/devkitARM/bin/../lib/gcc/arm-none-eabi/16.1.0/../../../../arm-none-eabi/lib/armv6k/fpu\libc.a(libc_a-fopen.o)
                0x00118c54                fopen
 .text.sulp     0x00118c7c       0x60 D:/devkitPro/devkitARM/bin/../lib/gcc/arm-none-eabi/16.1.0/../../../../arm-none-eabi/lib/armv6k/fpu\libc.a(libc_a-strtod.o)
 *fill*         0x00118cdc        0x4 
 .text._strtod_l
                0x00118ce0     0x1428 D:/devkitPro/devkitARM/bin/../lib/gcc/arm-none-eabi/16.1.0/../../../../arm-none-eabi/lib/armv6k/fpu\libc.a(libc_a-strtod.o)
                0x00118ce0                _strtod_l
 .text._strtod_r
                0x0011a108       0x44 D:/devkitPro/devkitARM/bin/../lib/gcc/arm-none-eabi/16.1.0/../../../../arm-none-eabi/lib/armv6k/fpu\libc.a(libc_a-strtod.o)
                0x0011a108                _strtod_r
 .text.memalign
                0x0011a14c       0x28 D:/devkitPro/devkitARM/bin/../lib/gcc/arm-none-eabi/16.1.0/../../../../arm-none-eabi/lib/armv6k/fpu\libc.a(libc_a-malign.o)
                0x0011a14c                memalign
 .text._strtoull_l.isra.0
                0x0011a174      0x264 D:/devkitPro/devkitARM/bin/../lib/gcc/arm-none-eabi/16.1.0/../../../../arm-none-eabi/lib/armv6k/fpu\libc.a(libc_a-strtoull.o)
 .text._strtoull_r
                0x0011a3d8       0x38 D:/devkitPro/devkitARM/bin/../lib/gcc/arm-none-eabi/16.1.0/../../../../arm-none-eabi/lib/armv6k/fpu\libc.a(libc_a-strtoull.o)
                0x0011a3d8                _strtoull_r
 .text.rshift   0x0011a410       0xf4 D:/devkitPro/devkitARM/bin/../lib/gcc/arm-none-eabi/16.1.0/../../../../arm-none-eabi/lib/armv6k/fpu\libc.a(libc_a-gdtoa-gethex.o)
 .text.__gethex
                0x0011a504      0x8b4 D:/devkitPro/devkitARM/bin/../lib/gcc/arm-none-eabi/16.1.0/../../../../arm-none-eabi/lib/armv6k/fpu\libc.a(libc_a-gdtoa-gethex.o)
                0x0011a504                __gethex
 .text.snprintf
                0x0011adb8       0xa0 D:/devkitPro/devkitARM/bin/../lib/gcc/arm-none-eabi/16.1.0/../../../../arm-none-eabi/lib/armv6k/fpu\libc.a(libc_a-snprintf.o)
                0x0011adb8                snprintf
 .text._strtoul_l.isra.0
                0x0011ae58      0x1ec D:/devkitPro/devkitARM/bin/../lib/gcc/arm-none-eabi/16.1.0/../../../../arm-none-eabi/lib/armv6k/fpu\libc.a(libc_a-strtoul.o)
 .text._strtoul_r
                0x0011b044       0x38 D:/devkitPro/devkitARM/bin/../lib/gcc/arm-none-eabi/16.1.0/../../../../arm-none-eabi/lib/armv6k/fpu\libc.a(libc_a-strtoul.o)
                0x0011b044                _strtoul_r
 .text.strtoul  0x0011b07c       0x3c D:/devkitPro/devkitARM/bin/../lib/gcc/arm-none-eabi/16.1.0/../../../../arm-none-eabi/lib/armv6k/fpu\libc.a(libc_a-strtoul.o)
                0x0011b07c                strtoul
 .text._mbrtowc_r
                0x0011b0b8       0xc4 D:/devkitPro/devkitARM/bin/../lib/gcc/arm-none-eabi/16.1.0/../../../../arm-none-eabi/lib/armv6k/fpu\libc.a(libc_a-mbrtowc.o)
                0x0011b0b8                _mbrtowc_r
 .text.strchr   0x0011b17c      0x140 D:/devkitPro/devkitARM/bin/../lib/gcc/arm-none-eabi/16.1.0/../../../../arm-none-eabi/lib/armv6k/fpu\libc.a(libc_a-strchr.o)
                0x0011b17c                strchr
 .text.memcmp   0x0011b2bc       0xd8 D:/devkitPro/devkitARM/bin/../lib/gcc/arm-none-eabi/16.1.0/../../../../arm-none-eabi/lib/armv6k/fpu\libc.a(libc_a-memcmp.o)
                0x0011b2bc                memcmp
 .text._fgets_r
                0x0011b394      0x198 D:/devkitPro/devkitARM/bin/../lib/gcc/arm-none-eabi/16.1.0/../../../../arm-none-eabi/lib/armv6k/fpu\libc.a(libc_a-fgets.o)
                0x0011b394                _fgets_r
 .text.fgets    0x0011b52c       0x30 D:/devkitPro/devkitARM/bin/../lib/gcc/arm-none-eabi/16.1.0/../../../../arm-none-eabi/lib/armv6k/fpu\libc.a(libc_a-fgets.o)
                0x0011b52c                fgets
 .text.calloc   0x0011b55c       0x28 D:/devkitPro/devkitARM/bin/../lib/gcc/arm-none-eabi/16.1.0/../../../../arm-none-eabi/lib/armv6k/fpu\libc.a(libc_a-calloc.o)
                0x0011b55c                calloc
 .text.__sccl   0x0011b584       0xf8 D:/devkitPro/devkitARM/bin/../lib/gcc/arm-none-eabi/16.1.0/../../../../arm-none-eabi/lib/armv6k/fpu\libc.a(libc_a-sccl.o)
                0x0011b584                __sccl
 .text._memalign_r
                0x0011b67c      0x16c D:/devkitPro/devkitARM/bin/../lib/gcc/arm-none-eabi/16.1.0/../../../../arm-none-eabi/lib/armv6k/fpu\libc.a(libc_a-malignr.o)
                0x0011b67c                _memalign_r
 .text.__errno  0x0011b7e8        0xc D:/devkitPro/devkitARM/bin/../lib/gcc/arm-none-eabi/16.1.0/../../../../arm-none-eabi/lib/armv6k/fpu\libc.a(libc_a-errno.o)
                0x0011b7e8                __errno
 .text.__smakebuf_r
                0x0011b7f4      0x164 D:/devkitPro/devkitARM/bin/../lib/gcc/arm-none-eabi/16.1.0/../../../../arm-none-eabi/lib/armv6k/fpu\libc.a(libc_a-makebuf.o)
                0x0011b7f4                __smakebuf_r
 .text.__swhatbuf_r
                0x0011b958       0x90 D:/devkitPro/devkitARM/bin/../lib/gcc/arm-none-eabi/16.1.0/../../../../arm-none-eabi/lib/armv6k/fpu\libc.a(libc_a-makebuf.o)
                0x0011b958                __swhatbuf_r
 .text._strtoll_l.isra.0
                0x0011b9e8      0x47c D:/devkitPro/devkitARM/bin/../lib/gcc/arm-none-eabi/16.1.0/../../../../arm-none-eabi/lib/armv6k/fpu\libc.a(libc_a-strtoll.o)
 .text._strtoll_r
                0x0011be64       0x38 D:/devkitPro/devkitARM/bin/../lib/gcc/arm-none-eabi/16.1.0/../../../../arm-none-eabi/lib/armv6k/fpu\libc.a(libc_a-strtoll.o)
                0x0011be64                _strtoll_r
 .text.strcpy   0x0011be9c       0xf0 D:/devkitPro/devkitARM/bin/../lib/gcc/arm-none-eabi/16.1.0/../../../../arm-none-eabi/lib/armv6k/fpu\libc.a(libc_a-strcpy.o)
                0x0011be9c                strcpy
 .text.__locale_mb_cur_max
                0x0011bf8c       0x24 D:/devkitPro/devkitARM/bin/../lib/gcc/arm-none-eabi/16.1.0/../../../../arm-none-eabi/lib/armv6k/fpu\libc.a(libc_a-locale.o)
                0x0011bf8c                __locale_mb_cur_max
 .text.memset   0x0011bfb0       0xe4 D:/devkitPro/devkitARM/bin/../lib/gcc/arm-none-eabi/16.1.0/../../../../arm-none-eabi/lib/armv6k/fpu\libc.a(libc_a-memset.o)
                0x0011bfb0                memset
 .text._calloc_r
                0x0011c094       0xd8 D:/devkitPro/devkitARM/bin/../lib/gcc/arm-none-eabi/16.1.0/../../../../arm-none-eabi/lib/armv6k/fpu\libc.a(libc_a-callocr.o)
                0x0011c094                _calloc_r
 .text.__sflush_r
                0x0011c16c      0x22c D:/devkitPro/devkitARM/bin/../lib/gcc/arm-none-eabi/16.1.0/../../../../arm-none-eabi/lib/armv6k/fpu\libc.a(libc_a-fflush.o)
                0x0011c16c                __sflush_r
 .text._fflush_r
                0x0011c398       0xc4 D:/devkitPro/devkitARM/bin/../lib/gcc/arm-none-eabi/16.1.0/../../../../arm-none-eabi/lib/armv6k/fpu\libc.a(libc_a-fflush.o)
                0x0011c398                _fflush_r
 .text.realloc  0x0011c45c       0x28 D:/devkitPro/devkitARM/bin/../lib/gcc/arm-none-eabi/16.1.0/../../../../arm-none-eabi/lib/armv6k/fpu\libc.a(libc_a-realloc.o)
                0x0011c45c                realloc
 .text.strcspn  0x0011c484       0x80 D:/devkitPro/devkitARM/bin/../lib/gcc/arm-none-eabi/16.1.0/../../../../arm-none-eabi/lib/armv6k/fpu\libc.a(libc_a-strcspn.o)
                0x0011c484                strcspn
 .text.qsort    0x0011c504      0x8e8 D:/devkitPro/devkitARM/bin/../lib/gcc/arm-none-eabi/16.1.0/../../../../arm-none-eabi/lib/armv6k/fpu\libc.a(libc_a-qsort.o)
                0x0011c504                qsort
 .text._malloc_r
                0x0011cdec      0x82c D:/devkitPro/devkitARM/bin/../lib/gcc/arm-none-eabi/16.1.0/../../../../arm-none-eabi/lib/armv6k/fpu\libc.a(libc_a-mallocr.o)
                0x0011cdec                _malloc_r
 .text._malloc_trim_r
                0x0011d618      0x114 D:/devkitPro/devkitARM/bin/../lib/gcc/arm-none-eabi/16.1.0/../../../../arm-none-eabi/lib/armv6k/fpu\libc.a(libc_a-freer.o)
                0x0011d618                _malloc_trim_r
 .text._free_r  0x0011d72c      0x314 D:/devkitPro/devkitARM/bin/../lib/gcc/arm-none-eabi/16.1.0/../../../../arm-none-eabi/lib/armv6k/fpu\libc.a(libc_a-freer.o)
                0x0011d72c                _free_r
 .text.setvbuf  0x0011da40      0x294 D:/devkitPro/devkitARM/bin/../lib/gcc/arm-none-eabi/16.1.0/../../../../arm-none-eabi/lib/armv6k/fpu\libc.a(libc_a-setvbuf.o)
                0x0011da40                setvbuf
 .text._sungetc_r
                0x0011dcd4       0xe4 D:/devkitPro/devkitARM/bin/../lib/gcc/arm-none-eabi/16.1.0/../../../../arm-none-eabi/lib/armv6k/fpu\libc.a(libc_a-svfiscanf.o)
                0x0011dcd4                _sungetc_r
 .text.__ssrefill_r
                0x0011ddb8       0x6c D:/devkitPro/devkitARM/bin/../lib/gcc/arm-none-eabi/16.1.0/../../../../arm-none-eabi/lib/armv6k/fpu\libc.a(libc_a-svfiscanf.o)
                0x0011ddb8                __ssrefill_r
 .text._sfread_r
                0x0011de24       0xb4 D:/devkitPro/devkitARM/bin/../lib/gcc/arm-none-eabi/16.1.0/../../../../arm-none-eabi/lib/armv6k/fpu\libc.a(libc_a-svfiscanf.o)
                0x0011de24                _sfread_r
 .text.stdio_exit_handler
                0x0011ded8       0x1c D:/devkitPro/devkitARM/bin/../lib/gcc/arm-none-eabi/16.1.0/../../../../arm-none-eabi/lib/armv6k/fpu\libc.a(libc_a-findfp.o)
 .text.cleanup_stdio
                0x0011def4       0x5c D:/devkitPro/devkitARM/bin/../lib/gcc/arm-none-eabi/16.1.0/../../../../arm-none-eabi/lib/armv6k/fpu\libc.a(libc_a-findfp.o)
 .text.global_stdio_init.part.0
                0x0011df50      0x154 D:/devkitPro/devkitARM/bin/../lib/gcc/arm-none-eabi/16.1.0/../../../../arm-none-eabi/lib/armv6k/fpu\libc.a(libc_a-findfp.o)
 .text.__sfp    0x0011e0a4      0x138 D:/devkitPro/devkitARM/bin/../lib/gcc/arm-none-eabi/16.1.0/../../../../arm-none-eabi/lib/armv6k/fpu\libc.a(libc_a-findfp.o)
                0x0011e0a4                __sfp
 .text.__sinit  0x0011e1dc       0x5c D:/devkitPro/devkitARM/bin/../lib/gcc/arm-none-eabi/16.1.0/../../../../arm-none-eabi/lib/armv6k/fpu\libc.a(libc_a-findfp.o)
                0x0011e1dc                __sinit
 .text.__sfp_lock_acquire
                0x0011e238        0xc D:/devkitPro/devkitARM/bin/../lib/gcc/arm-none-eabi/16.1.0/../../../../arm-none-eabi/lib/armv6k/fpu\libc.a(libc_a-findfp.o)
                0x0011e238                __sfp_lock_acquire
 .text.__sfp_lock_release
                0x0011e244        0xc D:/devkitPro/devkitARM/bin/../lib/gcc/arm-none-eabi/16.1.0/../../../../arm-none-eabi/lib/armv6k/fpu\libc.a(libc_a-findfp.o)
                0x0011e244                __sfp_lock_release
 .text._strtol_l.part.0
                0x0011e250      0x384 D:/devkitPro/devkitARM/bin/../lib/gcc/arm-none-eabi/16.1.0/../../../../arm-none-eabi/lib/armv6k/fpu\libc.a(libc_a-strtol.o)
 .text._strtol_r
                0x0011e5d4       0x6c D:/devkitPro/devkitARM/bin/../lib/gcc/arm-none-eabi/16.1.0/../../../../arm-none-eabi/lib/armv6k/fpu\libc.a(libc_a-strtol.o)
                0x0011e5d4                _strtol_r
 .text.__libc_init_array
                0x0011e640       0x84 D:/devkitPro/devkitARM/bin/../lib/gcc/arm-none-eabi/16.1.0/../../../../arm-none-eabi/lib/armv6k/fpu\libc.a(libc_a-init.o)
                0x0011e640                __libc_init_array
 .text.strncpy  0x0011e6c4       0xd4 D:/devkitPro/devkitARM/bin/../lib/gcc/arm-none-eabi/16.1.0/../../../../arm-none-eabi/lib/armv6k/fpu\libc.a(libc_a-strncpy.o)
                0x0011e6c4                strncpy
 .text._fseek_r
                0x0011e798       0x1c D:/devkitPro/devkitARM/bin/../lib/gcc/arm-none-eabi/16.1.0/../../../../arm-none-eabi/lib/armv6k/fpu\libc.a(libc_a-fseek.o)
                0x0011e798                _fseek_r
 .text.malloc   0x0011e7b4       0x40 D:/devkitPro/devkitARM/bin/../lib/gcc/arm-none-eabi/16.1.0/../../../../arm-none-eabi/lib/armv6k/fpu\libc.a(libc_a-malloc.o)
                0x0011e7b4                malloc
 .text.free     0x0011e7f4       0x20 D:/devkitPro/devkitARM/bin/../lib/gcc/arm-none-eabi/16.1.0/../../../../arm-none-eabi/lib/armv6k/fpu\libc.a(libc_a-malloc.o)
                0x0011e7f4                free
 .text.memchr   0x0011e814       0xe8 D:/devkitPro/devkitARM/bin/../lib/gcc/arm-none-eabi/16.1.0/../../../../arm-none-eabi/lib/armv6k/fpu\libc.a(libc_a-memchr-stub.o)
                0x0011e814                memchr
 .text._localeconv_r
                0x0011e8fc       0x24 D:/devkitPro/devkitARM/bin/../lib/gcc/arm-none-eabi/16.1.0/../../../../arm-none-eabi/lib/armv6k/fpu\libc.a(libc_a-localeconv.o)
                0x0011e8fc                _localeconv_r
 .text.__sread  0x0011e920       0x44 D:/devkitPro/devkitARM/bin/../lib/gcc/arm-none-eabi/16.1.0/../../../../arm-none-eabi/lib/armv6k/fpu\libc.a(libc_a-stdio.o)
                0x0011e920                __sread
 .text.__seofread
                0x0011e964        0x8 D:/devkitPro/devkitARM/bin/../lib/gcc/arm-none-eabi/16.1.0/../../../../arm-none-eabi/lib/armv6k/fpu\libc.a(libc_a-stdio.o)
                0x0011e964                __seofread
 .text.__swrite
                0x0011e96c       0x68 D:/devkitPro/devkitARM/bin/../lib/gcc/arm-none-eabi/16.1.0/../../../../arm-none-eabi/lib/armv6k/fpu\libc.a(libc_a-stdio.o)
                0x0011e96c                __swrite
 .text.__sseek  0x0011e9d4       0x40 D:/devkitPro/devkitARM/bin/../lib/gcc/arm-none-eabi/16.1.0/../../../../arm-none-eabi/lib/armv6k/fpu\libc.a(libc_a-stdio.o)
                0x0011e9d4                __sseek
 .text.__sclose
                0x0011ea14        0x8 D:/devkitPro/devkitARM/bin/../lib/gcc/arm-none-eabi/16.1.0/../../../../arm-none-eabi/lib/armv6k/fpu\libc.a(libc_a-stdio.o)
                0x0011ea14                __sclose
 .text._realloc_r
                0x0011ea1c      0x4f0 D:/devkitPro/devkitARM/bin/../lib/gcc/arm-none-eabi/16.1.0/../../../../arm-none-eabi/lib/armv6k/fpu\libc.a(libc_a-reallocr.o)
                0x0011ea1c                _realloc_r
 .text.__malloc_lock
                0x0011ef0c        0xc D:/devkitPro/devkitARM/bin/../lib/gcc/arm-none-eabi/16.1.0/../../../../arm-none-eabi/lib/armv6k/fpu\libc.a(libc_a-mlock.o)
                0x0011ef0c                __malloc_lock
 .text.__malloc_unlock
                0x0011ef18        0xc D:/devkitPro/devkitARM/bin/../lib/gcc/arm-none-eabi/16.1.0/../../../../arm-none-eabi/lib/armv6k/fpu\libc.a(libc_a-mlock.o)
                0x0011ef18                __malloc_unlock
 .text._fseeko_r
                0x0011ef24      0x588 D:/devkitPro/devkitARM/bin/../lib/gcc/arm-none-eabi/16.1.0/../../../../arm-none-eabi/lib/armv6k/fpu\libc.a(libc_a-fseeko.o)
                0x0011ef24                _fseeko_r
 .text._fclose_r
                0x0011f4ac      0x148 D:/devkitPro/devkitARM/bin/../lib/gcc/arm-none-eabi/16.1.0/../../../../arm-none-eabi/lib/armv6k/fpu\libc.a(libc_a-fclose.o)
                0x0011f4ac                _fclose_r
 .text.fclose   0x0011f5f4       0x20 D:/devkitPro/devkitARM/bin/../lib/gcc/arm-none-eabi/16.1.0/../../../../arm-none-eabi/lib/armv6k/fpu\libc.a(libc_a-fclose.o)
                0x0011f5f4                fclose
 .text.time     0x0011f614       0x48 D:/devkitPro/devkitARM/bin/../lib/gcc/arm-none-eabi/16.1.0/../../../../arm-none-eabi/lib/armv6k/fpu\libc.a(libc_a-time.o)
                0x0011f614                time
 .text.__call_exitprocs
                0x0011f65c        0x4 D:/devkitPro/devkitARM/bin/../lib/gcc/arm-none-eabi/16.1.0/../../../../arm-none-eabi/lib/armv6k/fpu\libc.a(libc_a-exit.o)
                0x0011f65c                __call_exitprocs
 .text.exit     0x0011f660       0x30 D:/devkitPro/devkitARM/bin/../lib/gcc/arm-none-eabi/16.1.0/../../../../arm-none-eabi/lib/armv6k/fpu\libc.a(libc_a-exit.o)
                0x0011f660                exit
 .text.get_arg  0x0011f690      0x5e0 D:/devkitPro/devkitARM/bin/../lib/gcc/arm-none-eabi/16.1.0/../../../../arm-none-eabi/lib/armv6k/fpu\libc.a(libc_a-svfprintf.o)
 .text._svfprintf_r
                0x0011fc70     0x345c D:/devkitPro/devkitARM/bin/../lib/gcc/arm-none-eabi/16.1.0/../../../../arm-none-eabi/lib/armv6k/fpu\libc.a(libc_a-svfprintf.o)
                0x0011fc70                _svfprintf_r
 .text.__sflags
                0x001230cc       0xb8 D:/devkitPro/devkitARM/bin/../lib/gcc/arm-none-eabi/16.1.0/../../../../arm-none-eabi/lib/armv6k/fpu\libc.a(libc_a-flags.o)
                0x001230cc                __sflags
 .text.__utf8_wctomb
                0x00123184       0xf8 D:/devkitPro/devkitARM/bin/../lib/gcc/arm-none-eabi/16.1.0/../../../../arm-none-eabi/lib/armv6k/fpu\libc.a(libc_a-wctomb_r.o)
                0x00123184                __utf8_wctomb
 .text.__libc_fini_array
                0x0012327c       0x3c D:/devkitPro/devkitARM/bin/../lib/gcc/arm-none-eabi/16.1.0/../../../../arm-none-eabi/lib/armv6k/fpu\libc.a(libc_a-fini.o)
                0x0012327c                __libc_fini_array
 .text.strnlen  0x001232b8       0x3c D:/devkitPro/devkitARM/bin/../lib/gcc/arm-none-eabi/16.1.0/../../../../arm-none-eabi/lib/armv6k/fpu\libc.a(libc_a-strnlen.o)
                0x001232b8                strnlen
 .text.strncmp  0x001232f4       0xd8 D:/devkitPro/devkitARM/bin/../lib/gcc/arm-none-eabi/16.1.0/../../../../arm-none-eabi/lib/armv6k/fpu\libc.a(libc_a-strncmp.o)
                0x001232f4                strncmp
 .text.__match  0x001233cc       0x70 D:/devkitPro/devkitARM/bin/../lib/gcc/arm-none-eabi/16.1.0/../../../../arm-none-eabi/lib/armv6k/fpu\libc.a(libc_a-gdtoa-hexnan.o)
                0x001233cc                __match
 .text.__hexnan
                0x0012343c      0x2a8 D:/devkitPro/devkitARM/bin/../lib/gcc/arm-none-eabi/16.1.0/../../../../arm-none-eabi/lib/armv6k/fpu\libc.a(libc_a-gdtoa-hexnan.o)
                0x0012343c                __hexnan
 .text.sprintf  0x001236e4       0x68 D:/devkitPro/devkitARM/bin/../lib/gcc/arm-none-eabi/16.1.0/../../../../arm-none-eabi/lib/armv6k/fpu\libc.a(libc_a-sprintf.o)
                0x001236e4                sprintf
 .text.lflush   0x0012374c       0x38 D:/devkitPro/devkitARM/bin/../lib/gcc/arm-none-eabi/16.1.0/../../../../arm-none-eabi/lib/armv6k/fpu\libc.a(libc_a-refill.o)
 .text.__srefill_r
                0x00123784      0x1a8 D:/devkitPro/devkitARM/bin/../lib/gcc/arm-none-eabi/16.1.0/../../../../arm-none-eabi/lib/armv6k/fpu\libc.a(libc_a-refill.o)
                0x00123784                __srefill_r
 *fill*         0x0012392c        0x4 
 .text.nan      0x00123930       0x10 D:/devkitPro/devkitARM/bin/../lib/gcc/arm-none-eabi/16.1.0/../../../../arm-none-eabi/lib/armv6k/fpu\libc.a(libm_a-s_nan.o)
                0x00123930                nan
 .text.nanf     0x00123940        0xc D:/devkitPro/devkitARM/bin/../lib/gcc/arm-none-eabi/16.1.0/../../../../arm-none-eabi/lib/armv6k/fpu\libc.a(libm_a-sf_nan.o)
                0x00123940                nanf
 *fill*         0x0012394c        0x4 
 .text.frexp    0x00123950       0x88 D:/devkitPro/devkitARM/bin/../lib/gcc/arm-none-eabi/16.1.0/../../../../arm-none-eabi/lib/armv6k/fpu\libc.a(libm_a-s_frexp.o)
                0x00123950                frexp
 .text.stpncpy  0x001239d8       0xdc D:/devkitPro/devkitARM/bin/../lib/gcc/arm-none-eabi/16.1.0/../../../../arm-none-eabi/lib/armv6k/fpu\libc.a(libc_a-stpncpy.o)
                0x001239d8                stpncpy
 .text.__assert_func
                0x00123ab4       0x5c D:/devkitPro/devkitARM/bin/../lib/gcc/arm-none-eabi/16.1.0/../../../../arm-none-eabi/lib/armv6k/fpu\libc.a(libc_a-assert.o)
                0x00123ab4                __assert_func
 .text.iswspace
                0x00123b10        0x8 D:/devkitPro/devkitARM/bin/../lib/gcc/arm-none-eabi/16.1.0/../../../../arm-none-eabi/lib/armv6k/fpu\libc.a(libc_a-iswspace.o)
                0x00123b10                iswspace
 .text._Balloc  0x00123b18       0x88 D:/devkitPro/devkitARM/bin/../lib/gcc/arm-none-eabi/16.1.0/../../../../arm-none-eabi/lib/armv6k/fpu\libc.a(libc_a-mprec.o)
                0x00123b18                _Balloc
 .text._Bfree   0x00123ba0       0x1c D:/devkitPro/devkitARM/bin/../lib/gcc/arm-none-eabi/16.1.0/../../../../arm-none-eabi/lib/armv6k/fpu\libc.a(libc_a-mprec.o)
                0x00123ba0                _Bfree
 .text.__multadd
                0x00123bbc       0xf4 D:/devkitPro/devkitARM/bin/../lib/gcc/arm-none-eabi/16.1.0/../../../../arm-none-eabi/lib/armv6k/fpu\libc.a(libc_a-mprec.o)
                0x00123bbc                __multadd
 .text.__s2b    0x00123cb0      0x10c D:/devkitPro/devkitARM/bin/../lib/gcc/arm-none-eabi/16.1.0/../../../../arm-none-eabi/lib/armv6k/fpu\libc.a(libc_a-mprec.o)
                0x00123cb0                __s2b
 .text.__hi0bits
                0x00123dbc       0x80 D:/devkitPro/devkitARM/bin/../lib/gcc/arm-none-eabi/16.1.0/../../../../arm-none-eabi/lib/armv6k/fpu\libc.a(libc_a-mprec.o)
                0x00123dbc                __hi0bits
 .text.__lo0bits
                0x00123e3c       0xf0 D:/devkitPro/devkitARM/bin/../lib/gcc/arm-none-eabi/16.1.0/../../../../arm-none-eabi/lib/armv6k/fpu\libc.a(libc_a-mprec.o)
                0x00123e3c                __lo0bits
 .text.__i2b    0x00123f2c       0xa4 D:/devkitPro/devkitARM/bin/../lib/gcc/arm-none-eabi/16.1.0/../../../../arm-none-eabi/lib/armv6k/fpu\libc.a(libc_a-mprec.o)
                0x00123f2c                __i2b
 .text.__multiply
                0x00123fd0      0x230 D:/devkitPro/devkitARM/bin/../lib/gcc/arm-none-eabi/16.1.0/../../../../arm-none-eabi/lib/armv6k/fpu\libc.a(libc_a-mprec.o)
                0x00123fd0                __multiply
 .text.__pow5mult
                0x00124200      0x130 D:/devkitPro/devkitARM/bin/../lib/gcc/arm-none-eabi/16.1.0/../../../../arm-none-eabi/lib/armv6k/fpu\libc.a(libc_a-mprec.o)
                0x00124200                __pow5mult
 .text.__lshift
                0x00124330      0x138 D:/devkitPro/devkitARM/bin/../lib/gcc/arm-none-eabi/16.1.0/../../../../arm-none-eabi/lib/armv6k/fpu\libc.a(libc_a-mprec.o)
                0x00124330                __lshift
 .text.__mcmp   0x00124468       0x58 D:/devkitPro/devkitARM/bin/../lib/gcc/arm-none-eabi/16.1.0/../../../../arm-none-eabi/lib/armv6k/fpu\libc.a(libc_a-mprec.o)
                0x00124468                __mcmp
 .text.__mdiff  0x001244c0      0x218 D:/devkitPro/devkitARM/bin/../lib/gcc/arm-none-eabi/16.1.0/../../../../arm-none-eabi/lib/armv6k/fpu\libc.a(libc_a-mprec.o)
                0x001244c0                __mdiff
 .text.__ulp    0x001246d8       0x68 D:/devkitPro/devkitARM/bin/../lib/gcc/arm-none-eabi/16.1.0/../../../../arm-none-eabi/lib/armv6k/fpu\libc.a(libc_a-mprec.o)
                0x001246d8                __ulp
 .text.__b2d    0x00124740       0xd4 D:/devkitPro/devkitARM/bin/../lib/gcc/arm-none-eabi/16.1.0/../../../../arm-none-eabi/lib/armv6k/fpu\libc.a(libc_a-mprec.o)
                0x00124740                __b2d