         w __deregister_frame_info
         w __register_frame_info
         w userAppExit
         w userAppInit
00000000 00000802 B __ctru_dev_utf16_buf
00000000 A __sync_synchronize
00000000 b _TLS_MODULE_BASE_
00000000 a shift
00000000 a shift
00000804 00000401 B __ctru_dev_path_buf
00100000 A __start__
00100000 T _start
00100008 T __service_ptr
0010000c T __apt_appid
00100010 T __heap_size
00100014 T __linear_heap_size
00100018 T __system_arglist
0010001c T __system_runflags
00100020 t startup
00100058 t ClearMem
0010006c t ClrLoop
00100094 T _init
001000ac t .udivsi3_skip_div0_test
001000ac T __aeabi_uidiv
001000ac 000001ec T __udivsi3
00100298 00000020 T __aeabi_uidivmod
001002b8 T __aeabi_idiv
001002b8 00000220 T __divsi3
001002c0 t .divsi3_skip_div0_test
001004d8 00000020 T __aeabi_idivmod
001004f8 00000004 W __aeabi_idiv0
001004f8 00000004 W __aeabi_ldiv0
001004fc T __aeabi_drsub
00100504 000002b0 T __aeabi_dsub
00100504 000002b0 T __subdf3
00100508 000002ac T __adddf3
00100508 000002ac T __aeabi_dadd
001007b4 00000024 T __aeabi_ui2d
001007b4 00000024 T __floatunsidf
001007d8 00000028 T __aeabi_i2d
001007d8 00000028 T __floatsidf
00100800 00000048 T __aeabi_f2d
00100800 00000048 T __extendsfdf2
00100848 00000074 T __aeabi_ul2d
00100848 00000074 T __floatundidf
0010085c 00000060 T __aeabi_l2d
0010085c 00000060 T __floatdidf
001008bc T __aeabi_ldivmod
00100990 T __aeabi_uldivmod
001009e8 00000390 T strcmp
00100d70 t __do_global_dtors_aux
00100dc0 t frame_dummy
00100dec 000000a8 T loadImage(char const*, char const*)
00100e94 00000054 T parseColor(char const*)
00100ee8 000000d8 T displayDialogue(char const*, char const*)
00100fc0 00000400 T executeLine(char*)
001013c0 00000054 T continueScript()
00101414 00000384 T main
00101798 00000044 t C2Di_FrameEndHook
001017dc 00000368 T C2D_Init
00101b44 0000004c T C2D_Fini
00101b90 000000bc T C2D_Prepare
00101c4c 00000048 T C2D_Flush
00101c94 000000fc T C2D_SceneSize
00101d90 00000060 T C2D_CreateScreenTarget
00101df0 00000060 T C2D_TargetClear
00101e50 0000014c T C2Di_CalcQuad
00101f9c 00000054 T C2Di_AppendQuad
00101ff0 00000040 T C2Di_AppendVtx
00102030 00000738 T C2Di_Update
00102768 000002e8 T C2D_DrawImage
00102a50 00000040 T C2D_FontFree
00102a90 000000f8 t C2Di_PostLoadFont
00102b88 000000b8 T C2D_FontLoadFromHandle
00102c40 00000048 T C2D_FontLoad
00102c88 00000050 T C2D_FontGlyphIndexFromCodePoint
00102cd8 00000074 T C2D_FontCalcGlyphPos
00102d4c 00000068 T C2D_SpriteSheetLoadFromHandle
00102db4 00000048 T C2D_SpriteSheetLoad
00102dfc 00000028 T C2D_SpriteSheetFree
00102e24 00000028 T C2D_SpriteSheetGetImage
00102e4c 00000018 t C2Di_GlyphComp
00102e64 00000180 t C2Di_CalcLineWidths
00102fe4 000001d0 T C2D_TextBufNew
001031b4 00000004 T C2D_TextBufDelete
001031b8 0000000c T C2D_TextBufClear
001031c4 000001c4 T C2D_TextFontParseLine
00103388 000000a4 T C2D_TextFontParse
0010342c 00000030 T C2D_TextOptimize
0010345c 00000fdc T C2D_DrawText
00104438 00000028 T AttrInfo_Init
00104460 00000094 T AttrInfo_AddLoader
001044f4 00000054 T C3D_SetAttrInfo
00104548 00000080 T C3Di_AttrInfoBind
001045c8 00000004 W C3Di_LightEnvUpdate
001045cc 00000004 W C3Di_LightEnvDirty
001045d0 000000b4 t C3Di_AptEventHook
00104684 00000004 W C3Di_GasUpdate
00104688 000001d0 T C3D_Init
00104858 00000098 T C3D_SetViewport
001048f0 000004e8 T C3Di_UpdateContext
00104dd8 000000e0 T C3Di_SplitFrame
00104eb8 00000044 T C3D_Fini
00104efc 00000194 T C3D_BindProgram
00105090 00000024 T BufInfo_Init
001050b4 00000080 T BufInfo_Add
00105134 0000003c T C3D_SetBufInfo
00105170 00000048 T C3Di_BufInfoBind
001051b8 0000021c T C3D_DrawElements
001053d4 00000040 T C3D_DepthMap
00105414 0000001c T C3D_CullFace
00105430 00000040 T C3D_StencilTest
00105470 00000024 T C3D_StencilOp
00105494 0000001c T C3D_BlendingColor
001054b0 00000024 T C3D_EarlyDepthTest
001054d4 0000002c T C3D_DepthTest
00105500 0000002c T C3D_AlphaTest
0010552c 00000050 T C3D_AlphaBlend
0010557c 00000030 T C3D_FragOpMode
001055ac 00000044 T C3D_FragOpShadow
001055f0 000001ac T C3Di_EffectBind
0010579c 0000001c T C3D_CalcColorBufSize
001057b8 0000001c T C3D_CalcDepthBufSize
001057d4 00000044 T C3D_SetFrameBuf
00105818 0000016c T C3Di_FrameBufBind
00105984 000000c8 T C3D_FrameBufClear
00105a4c 00000044 T C3D_FrameBufTransfer
00105a90 000000a8 T C3D_ImmSendAttrib
00105b38 00000070 T C3D_ProcTexInit
00105ba8 00000054 T C3D_ProcTexBind
00105bfc 0000005c T C3D_ProcTexLutBind
00105c58 000000a4 T ProcTexLut_FromArray
00105cfc 00000178 T C3Di_ProcTexUpdate
00105e74 00000068 T C3Di_ProcTexDirty
00105edc 0000004c t onVBlank0
00105f28 0000004c t onVBlank1
00105f74 00000080 t C3Di_RenderTargetDestroy
00105ff4 000000f4 t onQueueFinish
001060e8 00000038 T C3Di_RenderQueueEnableVBlank
00106120 00000030 T C3Di_RenderQueueDisableVBlank
00106150 00000060 T C3Di_RenderQueueInit
001061b0 000000b4 T C3Di_RenderQueueExit
00106264 00000034 T C3Di_RenderQueueWaitDone
00106298 000000e8 T C3D_FrameBegin
00106380 00000048 T C3D_FrameDrawOn
001063c8 00000058 T C3D_FrameSplit
00106420 000001d0 T C3D_FrameEnd
001065f0 0000001c T C3D_FrameEndHook
0010660c 00000170 T C3D_RenderTargetCreate
0010677c 000000a8 T C3D_RenderTargetSetOutput
00106824 000000fc T C3D_SyncTextureCopy
00106920 000003d8 t Tex3DSi_ImportCommon
00106cf8 00000038 T Tex3DS_TextureImportStdio
00106d30 0000001c T Tex3DS_GetSubTexture
00106d4c 00000004 T Tex3DS_TextureFree
00106d50 00000034 T C3D_GetTexEnv
00106d84 00000024 T C3Di_TexEnvBind
00106da8 00000290 T C3D_TexInitWithParams
00107038 000000c8 T C3D_TexLoadImage
00107100 00000044 T C3D_TexBind
00107144 00000074 T C3D_TexDelete
001071b8 0000014c T C3Di_SetTex
00107304 00000290 T C3D_UpdateUniforms
00107594 000000c0 T C3Di_DirtyUniforms
00107654 000000d8 T C3Di_LoadShaderUniforms
0010772c 00000028 T C3Di_ClearShaderUniforms
00107754 000000cc T Mtx_Ortho
00107820 000000cc T Mtx_OrthoTilt
001078ec 00000024 t addrMapNodeComparator(rbtree_node const*, rbtree_node const*)
00107910 00000004 t addrMapNodeDestructor(rbtree_node*)
00107914 0000012c T linearMemAlign
00107a40 00000008 T linearAlloc
00107a48 0000005c T linearFree
00107aa4 00000088 T MemPool::CoalesceRight(MemBlock*)
00107b2c 00000178 T MemPool::Allocate(MemChunk&, unsigned long, int)
00107ca4 00000118 T MemPool::Deallocate(MemChunk const&)
00107dbc 00000030 T MemPool::GetFreeSpace()
00107dec 00000024 t addrMapNodeComparator(rbtree_node const*, rbtree_node const*)
00107e10 00000004 t addrMapNodeDestructor(rbtree_node*)
00107e14 00000248 T vramMemAlignAt
0010805c 0000000c T vramAlloc
00108068 0000000c T vramAllocAt
00108074 00000094 T vramFree
00108108 0000009c T fontEnsureMapped
001081a4 0000007c T fontFixPointers
00108220 00000100 T fontGlyphIndexFromCodePoint
00108320 00000214 T fontCalcGlyphPos
00108534 000000cc t gfxPresentFramebuffer
00108600 0000001c T gfxIsWide
0010861c 000000f8 T gfxSetScreenFormat
00108714 000000d8 T gfxInit
001087ec 00000010 T gfxInitDefault
001087fc 000000b8 T gfxExit
001088b4 000000a0 T gfxGetFramebuffer
00108954 00000028 T gfxScreenSwapBuffers
0010897c 00000074 T osConvertVirtToPhys
001089f0 00000054 T osGetTimeRef
00108a44 000000ec T osGetTime
00108b30 00000034 T __ctru_speedup_config
00108b64 00000008 t romfs_close
00108b6c 000000ac t romfs_seek
00108c18 00000024 t romfs_dirreset
00108c3c 000000c0 t fill_dir
00108cfc 000002ac t romfs_dirnext
00108fa8 00000074 t romfs_free
0010901c 000000d0 t searchForFile.constprop.0
001090ec 000000d4 t searchForDir.constprop.0
001091c0 000001c0 t navigateToDir.constprop.0
00109380 00000114 t romfs_open
00109494 0000004c t romfs_chdir
001094e0 00000068 t romfs_diropen
00109548 00000178 t romfs_stat
001096c0 00000008 t romfs_dirclose
001096c8 0000007c t romfs_fstat
00109744 000000d0 t romfs_read
00109814 00000294 T romfsMountFromFile
00109aa8 00000098 T romfsMountFromCurrentProcess
00109b40 00000258 T romfsMountSelf
00109d98 000000a0 T romfsUnmount
00109e38 0000013c T GPUCMD_Add
00109f74 000000b0 T GPUCMD_Split
0010a024 00000034 T f32tof16
0010a058 00000034 T f32tof24
0010a08c 00000038 T f32tof31
0010a0c4 00000010 T GX_BindQueue
0010a0d4 0000007c T GX_ProcessCommandList
0010a150 00000074 T GX_MemoryFill
0010a1c4 00000074 T GX_DisplayTransfer
0010a238 00000078 T GX_TextureCopy
0010a2b0 00000064 t gxCmdQueueDoCommands.part.0
0010a314 000000e4 T gxCmdQueueInterrupt
0010a3f8 00000068 T gxCmdQueueClear
0010a460 00000108 T gxCmdQueueAdd
0010a568 00000080 T gxCmdQueueRun
0010a5e8 00000064 T gxCmdQueueStop
0010a64c 000000ac T gxCmdQueueWait
0010a6f8 000001e0 T shaderInstanceInit
0010a8d8 00000018 T shaderInstanceGetUniformLocation
0010a8f0 0000001c T shaderProgramInit
0010a90c 00000074 T shaderProgramFree
0010a980 00000094 T shaderProgramSetVsh
0010aa14 000008d0 T shaderProgramConfigure
0010b2e4 000001dc t DVLE_GenerateOutmap.part.0
0010b4c0 000001ac T DVLB_ParseFile
0010b66c 00000050 T DVLB_Free
0010b6bc 00000074 T DVLE_GetUniformRegister
0010b730 00000180 t aptConvertScreenForCapture
0010b8b0 00000008 W aptDspSleep
0010b8b8 00000004 W aptDspWakeup
0010b8bc 00000004 W aptDspCancel
0010b8c0 00000138 T aptSendCommand
0010b9f8 00000044 t aptExitProcess
0010ba3c 00000394 T aptExit
0010bdd0 000000d8 T aptHandleSleep
0010bea8 00000034 T aptHook
0010bedc 00000030 T aptUnhook
0010bf0c 00000084 T APT_SleepIfShellClosed
0010bf90 00000078 T aptSetSleepAllowed
0010c008 00000084 T APT_UnlockTransition
0010c090 00000470 t aptEventHandler
0010c500 000000bc T APT_ReceiveParameter
0010c5bc 000000b0 t aptReceiveParameter.constprop.0
0010c670 00000294 t aptScreenTransfer
0010c904 000002d0 t aptWaitForWakeUp.isra.0
0010cbd4 000000f4 T aptJumpToHomeMenu
0010ccc8 00000058 T aptMainLoop
0010cd20 00000240 T aptInit
0010cf60 00000090 T APT_CheckNew3DS
0010cff0 00000048 T APT_GetSharedFont
0010d038 00000104 T fsInit
0010d13c 0000003c T fsExit
0010d178 00000068 T fsExemptFromSession
0010d1e0 00000050 T fsUnexemptFromSession
0010d230 000000cc T FSUSER_OpenFile
0010d2fc 000000cc T FSUSER_OpenFileDirectly
0010d3c8 000000b8 T FSUSER_DeleteFile
0010d480 000000f4 T FSUSER_RenameFile
0010d574 000000b8 T FSUSER_DeleteDirectory
0010d62c 000000d0 T FSUSER_CreateFile
0010d6fc 000000c0 T FSUSER_CreateDirectory
0010d7bc 000000f4 T FSUSER_RenameDirectory
0010d8b0 000000b4 T FSUSER_OpenDirectory
0010d964 00000090 T FSUSER_OpenArchive
0010d9f4 0000008c T FSUSER_CloseArchive
0010da80 00000074 T FSUSER_GetSdmcArchiveResource
0010daf4 00000064 T FSUSER_IsSdmcWritable
0010db58 00000064 T FSFILE_Read
0010dbbc 0000006c T FSFILE_Write
0010dc28 00000044 T FSFILE_GetSize
0010dc6c 00000028 T FSFILE_SetSize
0010dc94 0000003c T FSFILE_Close
0010dcd0 00000024 T FSFILE_Flush
0010dcf4 00000060 T FSDIR_Read
0010dd54 0000003c T FSDIR_Close
0010dd90 00000c70 t gspHardwareInit
0010ea00 00000288 T gspInit
0010ec88 00000104 T gspExit
0010ed8c 00000010 T gspHasGpuRight
0010ed9c 000000a4 T gspPresentBuffer
0010ee40 00000030 T gspSetEventCallback
0010ee70 00000050 T gspWaitForEvent
0010eec0 0000004c T gspWaitForAnyEvent
0010ef0c 00000154 t gspEventThreadMain
0010f060 0000012c T gspSubmitGxCommand
0010f18c 00000050 T GSPGPU_FlushDataCache
0010f1dc 00000034 T GSPGPU_SetLcdForceBlack
0010f210 00000084 T GSPGPU_AcquireRight
0010f294 00000064 T GSPGPU_ReleaseRight
0010f2f8 0000007c T GSPGPU_ImportDisplayCaptureInfo
0010f374 0000002c T GSPGPU_SaveVramSysArea
0010f3a0 0000002c T GSPGPU_RestoreVramSysArea
0010f3cc 00000024 W hidShouldUseIrrst
0010f3f0 000001cc T hidInit
0010f5bc 000000e8 T hidExit
0010f6a4 000002a0 T hidScanInput
0010f944 00000010 T hidKeysDown
0010f954 000001a4 T irrstInit
0010faf8 000000dc T irrstExit
0010fbd4 000000b4 T irrstScanInput
0010fc88 00000024 T irrstKeysHeld
0010fcac 00000078 T ptmSysmInit
0010fd24 0000003c T ptmSysmExit
0010fd60 00000034 T PTMSYSM_ConfigureNew3DSCPU
0010fd94 000000e0 t buffer_read
0010fe74 000000cc t iov_read
0010ff40 00000164 t iov_memmove
001100a4 000001e0 t decompress_rle
00110284 00000264 t decompress_lzss
001104e8 00000418 t decompress_lz11
00110900 0000033c t decompress_huff.isra.0
00110c3c 00000010 T decompressCallback_Stdio
00110c4c 000000e4 T decompressHeader
00110d30 0000021c T decompressV
00110f4c 00000074 T rbtree_find
00110fc0 00000010 T rbtree_init
00110fd0 00000198 t do_insert
00111168 00000008 T rbtree_insert
00111170 00000310 T rbtree_remove
00111480 00000090 T rbtree_rotate
00111510 00000140 T decode_utf8
00111650 000000e8 T utf16_to_utf8
00111738 000000c0 T utf8_to_utf16
001117f8 000001e8 W __system_allocateHeaps
001119e0 00000038 W __libctru_init
00111a18 0000016c W __system_initArgv
00111b84 00000030 T __syscall_getreent
00111bb4 00000064 T __syscall_gettod_r
00111c18 00000004 T __syscall_lock_acquire
00111c1c 00000004 T __syscall_lock_release
00111c20 00000004 T __syscall_lock_acquire_recursive
00111c24 00000004 T __syscall_lock_release_recursive
00111c28 00000004 T __syscall_exit
00111c2c 00000054 T initThreadVars
00111c80 00000080 T __system_initSyscalls
00111d00 T svcControlMemory
00111d20 T svcQueryMemory
00111d50 T svcExitProcess
00111d58 T svcCreateThread
00111d78 T svcExitThread
00111d80 T svcSleepThread
00111d88 T svcReleaseMutex
00111d90 T svcCreateEvent
00111da4 T svcSignalEvent
00111dac T svcClearEvent
00111db4 T svcMapMemoryBlock
00111dbc T svcUnmapMemoryBlock
00111dc4 T svcCreateAddressArbiter
00111dd8 T svcArbitrateAddressNoTimeout
00111de0 T svcCloseHandle
00111de8 T svcWaitSynchronization
00111df0 T svcWaitSynchronizationN
00111e18 T svcDuplicateHandle
00111e2c T svcGetSystemTick
00111e34 T svcConnectToPort
00111e48 T svcSendSyncRequest
00111e50 T svcGetResourceLimit
00111e64 T svcGetResourceLimitLimitValues
00111e6c T svcGetResourceLimitCurrentValues
00111e74 T svcBreak
00111e7c T __aeabi_read_tp
00111e88 W initSystem
00111ed8 W __ctru_exit
00111eec 0000008c W envGetHandle
00111f78 00000050 W envDestroyHandles
00111fc8 00000164 T srvInit
0011212c 00000064 T srvExit
00112190 00000060 T srvEnableNotification
001121f0 000000a0 T srvGetServiceHandleDirect
00112290 00000048 T srvGetServiceHandle
001122d8 00000034 T srvSubscribe
0011230c 00000060 T srvReceiveNotification
0011236c 00000038 T srvPublishToSubscriber
001123a4 0000000c T __sync_init
001123b0 00000018 T __sync_fini
001123c8 00000028 T syncArbitrateAddress
001123f0 000000ac T LightLock_Lock
0011249c 00000040 T LightLock_Unlock
001124dc 00000054 T RecursiveLock_Lock
00112530 00000054 T RecursiveLock_Unlock
00112584 00000044 T LightEvent_Init
001125c8 000000b8 T LightEvent_Clear
00112680 000000dc T LightEvent_Signal
0011275c 00000050 T LightEvent_TryWait
001127ac 000000ac T LightEvent_Wait
00112858 000001fc T threadCreate
00112a54 00000038 T threadFree
00112a8c 00000024 T threadJoin
00112ab0 00000030 T threadGetCurrent
00112ae0 00000040 T threadExit
00112b20 00000020 t _thread_begin
00112b40 00000090 t mappableFindAddressWithin
00112bd0 00000028 T mappableInit
00112bf8 0000007c T mappableAlloc
00112c74 00000004 T mappableFree
00112c78 0000000c T srvPmGetSessionHandle
00112c84 00000060 T rbtree_node_next
00112ce4 00000054 T decode_utf16
00112d38 00000054 T encode_utf16
00112d8c 000000e0 T encode_utf8
00112e6c 00000030 W __appExit
00112e9c 00000030 W __appInit
00112ecc 00000090 W __libctru_exit
00112f5c 00000024 t error_cmp
00112f80 00000050 t archive_translate_error
00112fd0 000000c0 t archive_seek
00113090 00000078 t _archiveInit.part.0
00113108 00000110 t archiveFindDevice.part.0
00113218 00000298 t archive_utf16path
001134b0 00000098 t _archiveUnmountDeviceStruct.part.0
00113548 00000178 t _archiveMountDevice
001136c0 000000f8 t archive_diropen
001137b8 000000ac t archive_fstat
00113864 00000074 t archive_fsync
001138d8 00000074 t archive_close
0011394c 00000078 t archive_dirclose
001139c4 000000ec t sdmc_statvfs
00113ab0 000000f8 t archive_chdir
00113ba8 0000008c t archive_ftruncate
00113c34 000000bc t archive_read
00113cf0 000000a8 t archive_unlink
00113d98 000000c0 t archive_rmdir
00113e58 000000d8 t archive_mkdir
00113f30 000001a0 t archive_stat
001140d0 00000164 t archive_dirnext
00114234 0000013c t archive_write
00114370 00000254 t archive_open
001145c4 00000270 t archive_rename
00114834 000001c8 T archiveMountSdmc
001149fc 00000054 T archiveUnmountAll
00114a50 00000264 T sinf
00114cb4 00000024 t with_errnof
00114cd8 0000001c T __math_invalidf
00114cf4 000000c0 T ceilf
00114db8 0000025c T cosf
00115014 0000002c T __aeabi_d2lz
00115014 0000002c T __fixdfdi
00115040 00000040 T __aeabi_d2ulz
00115040 00000040 T __fixunsdfdi
00115080 00000130 T __udivmoddi4
001151b0 000000e4 T strncat
00115294 00000078 T sscanf
0011530c 00000130 t critical_factorization
0011543c 0000033c t two_way_long_needle
00115778 00000238 T strstr
001159b0 00000128 T memcpy
00115ad8 0000008c T strlen
00115b64 00000334 T _fread_r
00115e98 00000038 T fread
00115ed0 00000078 T bsearch
00115f48 00000050 t get_arg
00115f98 00002b88 T __ssvfscanf_r
00118b20 00000134 T _fopen_r
00118c54 00000028 T fopen
00118c7c 00000060 t sulp
00118ce0 00001428 T _strtod_l
0011a108 00000044 T _strtod_r
0011a14c 00000028 T memalign
0011a174 00000264 t _strtoull_l.isra.0
0011a3d8 00000038 T _strtoull_r
0011a410 000000f4 t rshift
0011a504 000008b4 T __gethex
0011adb8 000000a0 T snprintf
0011ae58 000001ec t _strtoul_l.isra.0
0011b044 00000038 T _strtoul_r
0011b07c 0000003c T strtoul
0011b0b8 000000c4 T _mbrtowc_r
0011b17c 00000140 T strchr
0011b2bc 000000d8 T memcmp
0011b394 00000198 T _fgets_r
0011b52c 00000030 T fgets
0011b55c 00000028 T calloc
0011b584 000000f8 T __sccl
0011b67c 0000016c T _memalign_r
0011b7e8 0000000c T __errno
0011b7f4 00000164 T __smakebuf_r
0011b958 00000090 T __swhatbuf_r
0011b9e8 0000047c t _strtoll_l.isra.0
0011be64 00000038 T _strtoll_r
0011be9c 000000f0 T strcpy
0011bf8c 00000024 T __locale_mb_cur_max
0011bfb0 000000e4 T memset
0011c094 000000d8 T _calloc_r
0011c16c 0000022c T __sflush_r
0011c398 000000c4 T _fflush_r
0011c45c 00000028 T realloc
0011c484 00000080 T strcspn
0011c504 000008e8 T qsort
0011cdec 0000082c T _malloc_r
0011d618 00000114 T _malloc_trim_r
0011d72c 00000314 T _free_r
0011da40 00000294 T setvbuf
0011dcd4 000000e4 T _sungetc_r
0011ddb8 0000006c T __ssrefill_r
0011de24 000000b4 T _sfread_r
0011ded8 0000001c t stdio_exit_handler
0011def4 0000005c t cleanup_stdio
0011df50 00000154 t global_stdio_init.part.0
0011e0a4 00000138 T __sfp
0011e1dc 0000005c T __sinit
0011e238 0000000c T __sfp_lock_acquire
0011e244 0000000c T __sfp_lock_release
0011e250 00000384 t _strtol_l.part.0
0011e5d4 0000006c T _strtol_r
0011e640 00000084 T __libc_init_array
0011e6c4 000000d4 T strncpy
0011e798 0000001c T _fseek_r
0011e7b4 00000040 T malloc
0011e7f4 00000020 T free
0011e814 000000e8 T memchr
0011e8fc 00000024 T _localeconv_r
0011e920 00000044 T __sread
0011e964 00000008 T __seofread
0011e96c 00000068 T __swrite
0011e9d4 00000040 T __sseek
0011ea14 00000008 T __sclose
0011ea1c 000004f0 T _realloc_r
0011ef0c 0000000c T __malloc_lock
0011ef18 0000000c T __malloc_unlock
0011ef24 00000588 T _fseeko_r
0011f4ac 00000148 T _fclose_r
0011f5f4 00000020 T fclose
0011f614 00000048 T time
0011f65c 00000004 W __call_exitprocs
0011f660 00000030 T exit
0011f690 000005e0 t get_arg
0011fc70 0000345c T _svfprintf_r
001230cc 000000b8 T __sflags
00123184 000000f8 T __utf8_wctomb
0012327c 0000003c T __libc_fini_array
001232b8 0000003c T strnlen
001232f4 000000d8 T strncmp
001233cc 00000070 T __match
0012343c 000002a8 T __hexnan
001236e4 00000068 T sprintf
0012374c 00000038 t lflush
00123784 000001a8 T __srefill_r
00123930 00000010 T nan
00123940 0000000c T nanf
00123950 00000088 T frexp
001239d8 000000dc T stpncpy
00123ab4 0000005c T __assert_func
00123b10 00000008 T iswspace
00123b18 00000088 T _Balloc
00123ba0 0000001c T _Bfree
00123bbc 000000f4 T __multadd
00123cb0 0000010c T __s2b
00123dbc 00000080 T __hi0bits
00123e3c 000000f0 T __lo0bits
00123f2c 000000a4 T __i2b
00123fd0 00000230 T __multiply
00124200 00000130 T __pow5mult
00124330 00000138 T __lshift
00124468 00000058 T __mcmp
001244c0 00000218 T __mdiff
001246d8 00000068 T __ulp
00124740 000000d4 T __b2d
00124814 00000120 T __d2b
00124934 00000078 T __ratio
001249ac 0000008c T __copybits
00124a38 0000005c T __any_on
00124a94 00000070 T _fwalk_sglue
00124b04 000000a0 T _wcrtomb_r
00124ba4 000000b8 T __submore
00124c5c 000000a4 T __ssprint_r
00124d00 00000340 T __utf8_mbtowc
00125040 0000003c T fiprintf
0012507c 00000014 T abort
00125090 000001c0 t quorem
00125250 00001420 T _dtoa_r
00126670 00000028 T _wcsrtombs_r
00126698 000001a8 T memmove
00126840 00000038 T iswspace_l
00126878 0000012c T __ssputs_r
001269a4 000005e0 t get_arg
00126f84 000022f8 T _vfiprintf_r
0012927c 000000b4 t __sbprintf
00129330 0000015c T _wcsnrtombs_l
0012948c 00000064 T _wcsnrtombs_r
001294f0 0000009c T _raise_r
0012958c 00000020 T raise
001295ac 00000030 T __sprint_r
001295dc 00000090 T category
0012966c 00000140 T __swsetup_r
001297ac 000004a4 T __sfvwrite_r
00129c50 00000020 T _exit
00129c70 00000140 T chdir
00129db0 000001c8 T _concatenate_path
00129f78 0000009c T _fstat_r
0012a014 00000014 T _getpid_r
0012a028 0000002c T __getreent
0012a054 00000030 T _gettimeofday_r
0012a084 000000a0 T __release_handle
0012a124 000000b0 T __alloc_handle
0012a1d4 00000058 T __get_handle
0012a22c 00000110 T _close_r
0012a33c 00000008 t null_write
0012a344 00000018 T setDefaultDevice
0012a35c 00000098 T FindDevice
0012a3f4 00000024 T RemoveDevice
0012a418 00000088 T AddDevice
0012a4a0 00000020 T GetDeviceOpTab
0012a4c0 00000008 T _isatty_r
0012a4c8 00000014 T _kill_r
0012a4dc 00000094 T _lseek_r
0012a570 000000c0 T _open_r
0012a630 00000094 T _read_r
0012a6c4 00000078 W _sbrk_r
0012a73c 0000001c T __libc_lock_acquire
0012a758 0000001c T __libc_lock_release
0012a774 0000001c T __libc_lock_acquire_recursive
0012a790 0000001c T __libc_lock_release_recursive
0012a7ac 00000094 T _write_r
0012a840 00000048 T strrchr
0012a888 T _fini
0012b000 00000008 r s_defaultTint.0
0012b408 r .LC2
0012b480 R render2d_shbin
0012b60c 00000004 r depthFmtSizes
0012b60c R render2d_shbin_end
0012b610 00000005 r colorFmtSizes
0012b618 00000010 r CSWTCH.11
0012b628 00000038 r CSWTCH.19
0012b660 00000080 r romFS_devoptab
0012b708 00000008 r morton_y.2
0012b710 00000008 r morton_x.3
0012b718 00000008 r s_sleepWakeEvents.4
0012b720 0000000c r serviceNameTable.5
0012b750 00000030 r error_table
0012b780 00000080 r archive_devoptab
0012b800 00000060 R __inv_pio4
0012b860 000000e0 R __sincosf_table
0012ba94 00000022 r basefix.0
0012bb18 00000014 r fpinan.0
0012bb2c 00000014 r fpi.1
0012bb40 00000028 r tinytens
0012bb68 00000100 R __hexdig
0012bd54 00000010 r zeroes.0
0012bd64 00000010 r blanks.1
0012bd74 00000101 R _ctype_
0012be78 0000000c r p05.0
0012be88 00000028 R __mprec_bigtens
0012beb0 000000c8 R __mprec_tens
0012bf78 0000006c R __action_table
0012bfe4 0000006c R __state_table
0012c050 00000100 R __chclass
0012c244 00000010 r zeroes.0
0012c254 00000010 r blanks.1
0012c264 000037f8 r categories
0012fa5c 00000080 R dotab_stdnull
0012fadc R __tdata_align
0012fae0 r __EH_FRAME_BEGIN__
0012fae0 R __exidx_end
0012fae0 R __exidx_start
00130000 00000004 D currentNameColor
00130004 00000008 d framerateCounter
0013000c 00000004 d framerate
00130010 00000004 d queueLock
00130014 00000004 d aptChainloadDeliverArgSize
00130018 00000004 d kCount
0013001c 00000004 d kInterval
00130020 00000004 d kDelay
00130024 W __stacksize__
00130028 00000004 D _impure_ptr
00130030 00000200 D _impure_data
00130230 00000254 D __global_locale
00130484 00000004 D __malloc_sbrk_base
00130488 00000004 D __malloc_trim_threshold
00130490 00000408 D __malloc_av_
00130898 0000000c D __sglue
001308a4 00000400 d _current_working_directory
00130ca8 00001000 d handles
00131ca8 0000000c d __stderr_handle
00131cb4 0000000c d __stdout_handle
00131cc0 0000000c d __stdin_handle
00131ccc 0000008c D devoptab_list
00131d58 00000004 d defaultDevice
00131d64 d _GLOBAL_OFFSET_TABLE_
00131d70 d __frame_dummy_init_array_entry
00131d70 D __init_array_start
00131d70 B __preinit_array_end
00131d70 B __preinit_array_start
00131d70 D __tdata_lma
00131d70 D __tdata_lma_end
00131d74 d __do_global_dtors_aux_fini_array_entry
00131d74 D __fini_array_start
00131d74 D __init_array_end
00131d78 D __bss_start__
00131d78 D __fini_array_end
00131d78 00000004 B imageCount
00131d7c 00000580 B images
001322fc 00000004 B characterCount
00132300 00000880 B characters
00132b80 00000004 B textBuffer
00132b84 00000004 B dialogueFont
00132b88 0000001c B nameText
00132ba4 0000001c B dialogueText
00132bc0 00000001 B hasDialogue
00132bc1 00000001 B waitingForInput
00132bc4 00000008 B sceneImage
00132bcc 00000001 B hasScene
00132bd0 00000008 B foregroundImage
00132bd8 00000001 B hasForeground
00132bdc 00000008 B bottomImage
00132be4 00000001 B hasBottom
00132be8 00000004 B scriptFile
00132bf0 000005a8 B __C2Di_Context
00133198 00000040 b s_projTop
001331d8 00000040 b s_projBot
00133218 00000004 b uLoc_mdlvMtx
0013321c 00000004 b uLoc_projMtx
00133220 00000004 b s_glyphSheets
00133224 00000004 b s_textScale
00133228 b completed.1
0013322c b object.0
00133244 0000000c b hookCookie
00133250 000002d0 B __C3D_Context
00133520 00000004 b frameEndCbData
00133524 00000004 b frameEndCb
00133528 00000008 b frameCounter
00133530 00000001 b isTopStereo
00133531 00000001 b needSwapBot
00133532 00000001 b needSwapTop
00133533 00000001 b measureGpuTime
00133534 00000001 b inSafeTransfer
00133535 00000001 b inFrame
00133538 00000010 b cpuTime
00133548 00000010 b gpuTime
00133558 0000000c b linkedTarget
00133564 00000004 b lastTarget
00133568 00000004 b firstTarget
0013356c 00000008 b C3Di_IVUnifEverDirty
00133574 000000c0 b C3Di_FVUnifEverDirty
00133634 00000018 b C3Di_ShaderFVecData
0013364c 00000002 B C3D_BoolUnifsDirty
00133650 00000008 B C3D_IVUnifDirty
00133658 000000c0 B C3D_FVUnifDirty
00133718 00000004 B C3D_BoolUnifs
0013371c 00000020 B C3D_IVUnif
0013373c 00000c00 B C3D_FVUnif
00134340 00000008 b sLinearPool
00134348 0000000c b sAddrMap
00134358 00000008 b sVramPoolB
00134360 00000008 b sVramPoolA
00134368 0000000c b sAddrMap
00134374 00000004 b sharedFontAddr
00134378 00000004 B g_sharedFont
0013437c 00000004 b screenAlloc
00134380 00000004 b screenFree
00134384 00000002 b gfxIsDoubleBuf
00134388 00000002 b gfxCurBuf
0013438a 00000001 b gfxIsVram
0013438b 00000001 b gfxTopMode
0013438c 00000002 b gfxFramebufferFormats
00134390 00000004 b gfxBottomFramebufferMaxSize
00134394 00000004 b gfxTopFramebufferMaxSize
00134398 00000008 b gfxBottomFramebuffers
001343a0 00000008 b gfxTopFramebuffers
001343a8 00000001 V __ctru_speedup
001343ac 00000004 b romfs_mount_list
001343b0 00000004 V __romfs_path
001343b4 00000004 B gpuCmdBufOffset
001343b8 00000004 B gpuCmdBufSize
001343bc 00000004 B gpuCmdBuf
001343c0 00000004 b boundQueue
001343c4 00000001 b shouldStop
001343c5 00000001 b isRunning
001343c6 00000001 b isActive
001343c8 00000004 b curQueue
001343cc 00000001 b flagValue.0
001343cd 00000001 b flagInit.1
001343d0 00000004 b serviceName.6
001343d4 00000001 b aptChainloadFlags
001343d5 00000001 b aptChainloadMediatype
001343d8 00000020 b aptChainloadHmac
001343f8 00000300 b aptChainloadDeliverArg
001346f8 00000008 b aptChainloadTid
00134700 00001000 b aptParameters
00135700 00000004 b aptFlags
00135704 00000001 b aptHomeButtonState
00135708 00000004 b aptMessageFuncData
0013570c 00000004 b aptMessageFunc
00135710 0000000c b aptFirstHook
0013571c 00000001 b aptEventHandlerThreadQuit
00135720 00000004 b aptEventHandlerThread
00135724 00000008 b aptSleepEvent
0013572c 00000008 b aptReceiveEvent
00135734 00000008 b aptEvents
0013573c 00000004 b aptLockHandle
00135740 00000004 b aptRefCount
00135748 00000080 b fsExemptArchives
001357c8 00000004 b fsuRefCount
001357cc 00000004 b fsuHandle
001357d0 00000007 b gspEventCbOneShot
001357d8 0000001c b gspEventCbData
001357f4 0000001c b gspEventCb
00135810 00000038 b gspEvents
00135848 00000004 b gspLastEvent
0013584c 00000001 b gspRunEvents
00135850 00000004 b gspEventThread
00135854 00000004 b gspEvent
00135858 00000001 b gspGpuRight
00135859 00000001 b gspThreadId
0013585c 00000004 b gspSharedMem
00135860 00000004 b gspSharedMemHandle
00135864 00000004 b gspRefCount
00135868 00000004 b gspGpuHandle
0013586c 00000001 b usingIrrst
00135870 00000004 b hidRefCount
00135874 00000006 b gRate
0013587c 00000006 b aVec
00135884 00000004 b cPos
00135888 00000004 b tPos
0013588c 00000004 b kRepeat
00135890 00000004 b kUp
00135894 00000004 b kDown
00135898 00000004 b kHeld
0013589c 00000004 b kOld
001358a0 00000004 B hidSharedMem
001358a4 00000014 B hidEvents
001358b8 00000004 B hidMemHandle
001358bc 00000004 B hidHandle
001358c0 00000004 b irrstRefCount
001358c4 00000004 b csPos
001358c8 00000004 b kHeld
001358cc 00000004 B irrstSharedMem
001358d0 00000004 B irrstEvent
001358d4 00000004 B irrstMemHandle
001358d8 00000004 B irrstHandle
001358dc 00000004 b ptmSysmRefCount
001358e0 00000004 b ptmSysmHandle
001358e4 00000004 V __ctru_linear_heap_size
001358e8 00000004 V __ctru_heap_size
001358ec 00000004 B __ctru_linear_heap
001358f0 00000004 B __ctru_heap
001358f4 00000004 B __system_retAddr
001358f8 00000004 B __system_argv
001358fc 00000004 B __system_argc
00135900 b saved_stack
00135908 00000004 B __3dslink_host
0013590c 00000004 b srvRefCount
00135910 00000004 b srvHandle
00135914 00000004 b arbiter
00135918 00000004 b currentAddr
0013591c 00000004 b maxAddr
00135920 00000004 b minAddr
00135924 00000004 b srvPmHandle
00135928 000005c0 b archive_devices
00135ee8 00000004 b archive_device_cwd
00135eec 00000001 b archive_initialized
00135ef0 00000028 B __malloc_current_mallinfo
00135f18 00000004 B __malloc_max_total_mem
00135f1c 00000004 B __malloc_max_sbrked_mem
00135f20 00000004 B __malloc_top_pad
00135f24 0000000c b __sfp_recursive_mutex
00135f30 00000168 B __sf
00136098 00000004 B __stdio_exit_handler
0013609c 0000000c b __malloc_recursive_mutex
001360a8 00000400 b temp_cwd
001364a8 00000004 b __hndl_lock
001364ac 00000004 B fake_heap_start
001364b0 00000004 B fake_heap_end
001364b4 00000004 b heap_start.0
001364b8 B __tls_start
001370c0 B __bss_end__
001370c0 A __end__
001370c0 B __tls_end
